 SQL> select * from emp;

     EMPNO ENAME      JOB              MGR HIREDATE         SAL       COMM      
---------- ---------- --------- ---------- --------- ---------- ----------      
    DEPTNO                                                                      
----------                                                                      
      7839 KING       PRESIDENT            17-NOV-81       5000                 
        10                                                                      
                                                                                
      7698 BLAKE      MANAGER         7839 01-MAY-81       2850                 
        30                                                                      
                                                                                
      7782 CLARK      MANAGER         7839 09-JUN-81       2450                 
        10                                                                      
                                                                                

     EMPNO ENAME      JOB              MGR HIREDATE         SAL       COMM      
---------- ---------- --------- ---------- --------- ---------- ----------      
    DEPTNO                                                                      
----------                                                                      
      7566 JONES      MANAGER         7839 02-APR-81       2975                 
        20                                                                      
                                                                                
      7654 MARTIN     SALESMAN        7698 28-SEP-81       1250       1400      
        30                                                                      
                                                                                
      7499 ALLEN      SALESMAN        7698 20-FEB-81       1600        300      
        30                                                                      
                                                                                

     EMPNO ENAME      JOB              MGR HIREDATE         SAL       COMM      
---------- ---------- --------- ---------- --------- ---------- ----------      
    DEPTNO                                                                      
----------                                                                      
      7844 TURNER     SALESMAN        7698 08-SEP-81       1500          0      
        30                                                                      
                                                                                
      7900 JAMES      CLERK           7698 03-DEC-81        950                 
        30                                                                      
                                                                                
      7521 WARD       SALESMAN        7698 22-FEB-81       1250        500      
        30                                                                      
                                                                                

     EMPNO ENAME      JOB              MGR HIREDATE         SAL       COMM      
---------- ---------- --------- ---------- --------- ---------- ----------      
    DEPTNO                                                                      
----------                                                                      
      7902 FORD       ANALYST         7566 03-DEC-81       3000                 
        20                                                                      
                                                                                
      7369 SMITH      CLERK           7902 17-DEC-80        800                 
        20                                                                      
                                                                                
      7788 SCOTT      ANALYST         7566 09-DEC-82       3000                 
        20                                                                      
                                                                                

     EMPNO ENAME      JOB              MGR HIREDATE         SAL       COMM      
---------- ---------- --------- ---------- --------- ---------- ----------      
    DEPTNO                                                                      
----------                                                                      
      7876 ADAMS      CLERK           7788 12-JAN-83       1100                 
        20                                                                      
                                                                                
      7934 MILLER     CLERK           7782 23-JAN-82       1300                 
        10                                                                      
                                                                                

14 rows selected.

SQL> select * from emp where empno=7839;

     EMPNO ENAME      JOB              MGR HIREDATE         SAL       COMM      
---------- ---------- --------- ---------- --------- ---------- ----------      
    DEPTNO                                                                      
----------                                                                      
      7839 KING       PRESIDENT            17-NOV-81       5000                 
        10                                                                      
                                                                                

SQL> set linesize 120;
SQL> select * from emp where empno=7839;

     EMPNO ENAME      JOB              MGR HIREDATE         SAL       COMM     DEPTNO                                   
---------- ---------- --------- ---------- --------- ---------- ---------- ----------                                   
      7839 KING       PRESIDENT            17-NOV-81       5000                    10                                   

SQL> select * from emp where ename='KING';

     EMPNO ENAME      JOB              MGR HIREDATE         SAL       COMM     DEPTNO                                   
---------- ---------- --------- ---------- --------- ---------- ---------- ----------                                   
      7839 KING       PRESIDENT            17-NOV-81       5000                    10                                   

SQL> 
SQL> select * from emp where job='CLERK' OR JOB='MANAGER' OR JOB='SALESMAN';

     EMPNO ENAME      JOB              MGR HIREDATE         SAL       COMM     DEPTNO                                   
---------- ---------- --------- ---------- --------- ---------- ---------- ----------                                   
      7698 BLAKE      MANAGER         7839 01-MAY-81       2850                    30                                   
      7782 CLARK      MANAGER         7839 09-JUN-81       2450                    10                                   
      7566 JONES      MANAGER         7839 02-APR-81       2975                    20                                   
      7654 MARTIN     SALESMAN        7698 28-SEP-81       1250       1400         30                                   
      7499 ALLEN      SALESMAN        7698 20-FEB-81       1600        300         30                                   
      7844 TURNER     SALESMAN        7698 08-SEP-81       1500          0         30                                   
      7900 JAMES      CLERK           7698 03-DEC-81        950                    30                                   
      7521 WARD       SALESMAN        7698 22-FEB-81       1250        500         30                                   
      7369 SMITH      CLERK           7902 17-DEC-80        800                    20                                   
      7876 ADAMS      CLERK           7788 12-JAN-83       1100                    20                                   
      7934 MILLER     CLERK           7782 23-JAN-82       1300                    10                                   

11 rows selected.

SQL> select * from emp where job IN('CLERK','MANAGER','SALESMAN');

     EMPNO ENAME      JOB              MGR HIREDATE         SAL       COMM     DEPTNO                                   
---------- ---------- --------- ---------- --------- ---------- ---------- ----------                                   
      7698 BLAKE      MANAGER         7839 01-MAY-81       2850                    30                                   
      7782 CLARK      MANAGER         7839 09-JUN-81       2450                    10                                   
      7566 JONES      MANAGER         7839 02-APR-81       2975                    20                                   
      7654 MARTIN     SALESMAN        7698 28-SEP-81       1250       1400         30                                   
      7499 ALLEN      SALESMAN        7698 20-FEB-81       1600        300         30                                   
      7844 TURNER     SALESMAN        7698 08-SEP-81       1500          0         30                                   
      7900 JAMES      CLERK           7698 03-DEC-81        950                    30                                   
      7521 WARD       SALESMAN        7698 22-FEB-81       1250        500         30                                   
      7369 SMITH      CLERK           7902 17-DEC-80        800                    20                                   
      7876 ADAMS      CLERK           7788 12-JAN-83       1100                    20                                   
      7934 MILLER     CLERK           7782 23-JAN-82       1300                    10                                   

11 rows selected.

SQL> select * from emp where job NOT IN('CLERK','MANAGER','SALESMAN');

     EMPNO ENAME      JOB              MGR HIREDATE         SAL       COMM     DEPTNO                                   
---------- ---------- --------- ---------- --------- ---------- ---------- ----------                                   
      7839 KING       PRESIDENT            17-NOV-81       5000                    10                                   
      7902 FORD       ANALYST         7566 03-DEC-81       3000                    20                                   
      7788 SCOTT      ANALYST         7566 09-DEC-82       3000                    20                                   

SQL> select * from emp where MGR=7839;

     EMPNO ENAME      JOB              MGR HIREDATE         SAL       COMM     DEPTNO                                   
---------- ---------- --------- ---------- --------- ---------- ---------- ----------                                   
      7698 BLAKE      MANAGER         7839 01-MAY-81       2850                    30                                   
      7782 CLARK      MANAGER         7839 09-JUN-81       2450                    10                                   
      7566 JONES      MANAGER         7839 02-APR-81       2975                    20                                   

SQL> select * from emp where DEPTNO=10;

     EMPNO ENAME      JOB              MGR HIREDATE         SAL       COMM     DEPTNO                                   
---------- ---------- --------- ---------- --------- ---------- ---------- ----------                                   
      7839 KING       PRESIDENT            17-NOV-81       5000                    10                                   
      7782 CLARK      MANAGER         7839 09-JUN-81       2450                    10                                   
      7934 MILLER     CLERK           7782 23-JAN-82       1300                    10                                   

SQL> select * from emp where DEPTNO=20;

     EMPNO ENAME      JOB              MGR HIREDATE         SAL       COMM     DEPTNO                                   
---------- ---------- --------- ---------- --------- ---------- ---------- ----------                                   
      7566 JONES      MANAGER         7839 02-APR-81       2975                    20                                   
      7902 FORD       ANALYST         7566 03-DEC-81       3000                    20                                   
      7369 SMITH      CLERK           7902 17-DEC-80        800                    20                                   
      7788 SCOTT      ANALYST         7566 09-DEC-82       3000                    20                                   
      7876 ADAMS      CLERK           7788 12-JAN-83       1100                    20                                   

SQL> select * from emp where DEPTNO=30;

     EMPNO ENAME      JOB              MGR HIREDATE         SAL       COMM     DEPTNO                                   
---------- ---------- --------- ---------- --------- ---------- ---------- ----------                                   
      7698 BLAKE      MANAGER         7839 01-MAY-81       2850                    30                                   
      7654 MARTIN     SALESMAN        7698 28-SEP-81       1250       1400         30                                   
      7499 ALLEN      SALESMAN        7698 20-FEB-81       1600        300         30                                   
      7844 TURNER     SALESMAN        7698 08-SEP-81       1500          0         30                                   
      7900 JAMES      CLERK           7698 03-DEC-81        950                    30                                   
      7521 WARD       SALESMAN        7698 22-FEB-81       1250        500         30                                   

6 rows selected.

SQL> SELECT * FROM EMP WHERE ENAME LIKE 'M%';

     EMPNO ENAME      JOB              MGR HIREDATE         SAL       COMM     DEPTNO                                   
---------- ---------- --------- ---------- --------- ---------- ---------- ----------                                   
      7654 MARTIN     SALESMAN        7698 28-SEP-81       1250       1400         30                                   
      7934 MILLER     CLERK           7782 23-JAN-82       1300                    10                                   

SQL> 
SQL> SELECT * FROM EMP WHERE ENAME LIKE '%R';

     EMPNO ENAME      JOB              MGR HIREDATE         SAL       COMM     DEPTNO                                   
---------- ---------- --------- ---------- --------- ---------- ---------- ----------                                   
      7844 TURNER     SALESMAN        7698 08-SEP-81       1500          0         30                                   
      7934 MILLER     CLERK           7782 23-JAN-82       1300                    10                                   

SQL> SELECT * FROM EMP WHERE ENAME LIKE '%R%';

     EMPNO ENAME      JOB              MGR HIREDATE         SAL       COMM     DEPTNO                                   
---------- ---------- --------- ---------- --------- ---------- ---------- ----------                                   
      7782 CLARK      MANAGER         7839 09-JUN-81       2450                    10                                   
      7654 MARTIN     SALESMAN        7698 28-SEP-81       1250       1400         30                                   
      7844 TURNER     SALESMAN        7698 08-SEP-81       1500          0         30                                   
      7521 WARD       SALESMAN        7698 22-FEB-81       1250        500         30                                   
      7902 FORD       ANALYST         7566 03-DEC-81       3000                    20                                   
      7934 MILLER     CLERK           7782 23-JAN-82       1300                    10                                   

6 rows selected.

SQL> SELECT * FROM EMP WHERE ENAME LIKE 'M%N';

     EMPNO ENAME      JOB              MGR HIREDATE         SAL       COMM     DEPTNO                                   
---------- ---------- --------- ---------- --------- ---------- ---------- ----------                                   
      7654 MARTIN     SALESMAN        7698 28-SEP-81       1250       1400         30                                   

SQL> SELECT * FROM EMP WHERE ENAME LIKE '_M%';

     EMPNO ENAME      JOB              MGR HIREDATE         SAL       COMM     DEPTNO                                   
---------- ---------- --------- ---------- --------- ---------- ---------- ----------                                   
      7369 SMITH      CLERK           7902 17-DEC-80        800                    20                                   

SQL> SELECT * FROM EMP WHERE ENAME LIKE '____';

     EMPNO ENAME      JOB              MGR HIREDATE         SAL       COMM     DEPTNO                                   
---------- ---------- --------- ---------- --------- ---------- ---------- ----------                                   
      7839 KING       PRESIDENT            17-NOV-81       5000                    10                                   
      7521 WARD       SALESMAN        7698 22-FEB-81       1250        500         30                                   
      7902 FORD       ANALYST         7566 03-DEC-81       3000                    20                                   

SQL> SELECT * FROM EMP WHERE ENAME LIKE '%____';

     EMPNO ENAME      JOB              MGR HIREDATE         SAL       COMM     DEPTNO                                   
---------- ---------- --------- ---------- --------- ---------- ---------- ----------                                   
      7839 KING       PRESIDENT            17-NOV-81       5000                    10                                   
      7698 BLAKE      MANAGER         7839 01-MAY-81       2850                    30                                   
      7782 CLARK      MANAGER         7839 09-JUN-81       2450                    10                                   
      7566 JONES      MANAGER         7839 02-APR-81       2975                    20                                   
      7654 MARTIN     SALESMAN        7698 28-SEP-81       1250       1400         30                                   
      7499 ALLEN      SALESMAN        7698 20-FEB-81       1600        300         30                                   
      7844 TURNER     SALESMAN        7698 08-SEP-81       1500          0         30                                   
      7900 JAMES      CLERK           7698 03-DEC-81        950                    30                                   
      7521 WARD       SALESMAN        7698 22-FEB-81       1250        500         30                                   
      7902 FORD       ANALYST         7566 03-DEC-81       3000                    20                                   
      7369 SMITH      CLERK           7902 17-DEC-80        800                    20                                   

     EMPNO ENAME      JOB              MGR HIREDATE         SAL       COMM     DEPTNO                                   
---------- ---------- --------- ---------- --------- ---------- ---------- ----------                                   
      7788 SCOTT      ANALYST         7566 09-DEC-82       3000                    20                                   
      7876 ADAMS      CLERK           7788 12-JAN-83       1100                    20                                   
      7934 MILLER     CLERK           7782 23-JAN-82       1300                    10                                   

14 rows selected.

SQL> SELECT * FROM EMP WHERE ENAME LIKE '%M____';

no rows selected

SQL> SELECT * FROM EMP WHERE ENAME LIKE '%I__';

     EMPNO ENAME      JOB              MGR HIREDATE         SAL       COMM     DEPTNO                                   
---------- ---------- --------- ---------- --------- ---------- ---------- ----------                                   
      7839 KING       PRESIDENT            17-NOV-81       5000                    10                                   
      7369 SMITH      CLERK           7902 17-DEC-80        800                    20                                   

SQL> SELECT * FROM EMP WHERE SAL=5000;

     EMPNO ENAME      JOB              MGR HIREDATE         SAL       COMM     DEPTNO                                   
---------- ---------- --------- ---------- --------- ---------- ---------- ----------                                   
      7839 KING       PRESIDENT            17-NOV-81       5000                    10                                   

SQL> SELECT * FROM EMP WHERE SAL<3000;

     EMPNO ENAME      JOB              MGR HIREDATE         SAL       COMM     DEPTNO                                   
---------- ---------- --------- ---------- --------- ---------- ---------- ----------                                   
      7698 BLAKE      MANAGER         7839 01-MAY-81       2850                    30                                   
      7782 CLARK      MANAGER         7839 09-JUN-81       2450                    10                                   
      7566 JONES      MANAGER         7839 02-APR-81       2975                    20                                   
      7654 MARTIN     SALESMAN        7698 28-SEP-81       1250       1400         30                                   
      7499 ALLEN      SALESMAN        7698 20-FEB-81       1600        300         30                                   
      7844 TURNER     SALESMAN        7698 08-SEP-81       1500          0         30                                   
      7900 JAMES      CLERK           7698 03-DEC-81        950                    30                                   
      7521 WARD       SALESMAN        7698 22-FEB-81       1250        500         30                                   
      7369 SMITH      CLERK           7902 17-DEC-80        800                    20                                   
      7876 ADAMS      CLERK           7788 12-JAN-83       1100                    20                                   
      7934 MILLER     CLERK           7782 23-JAN-82       1300                    10                                   

11 rows selected.

SQL> 
SQL> SELECT * FROM EMP WHERE SAL<2000;

     EMPNO ENAME      JOB              MGR HIREDATE         SAL       COMM     DEPTNO                                   
---------- ---------- --------- ---------- --------- ---------- ---------- ----------                                   
      7654 MARTIN     SALESMAN        7698 28-SEP-81       1250       1400         30                                   
      7499 ALLEN      SALESMAN        7698 20-FEB-81       1600        300         30                                   
      7844 TURNER     SALESMAN        7698 08-SEP-81       1500          0         30                                   
      7900 JAMES      CLERK           7698 03-DEC-81        950                    30                                   
      7521 WARD       SALESMAN        7698 22-FEB-81       1250        500         30                                   
      7369 SMITH      CLERK           7902 17-DEC-80        800                    20                                   
      7876 ADAMS      CLERK           7788 12-JAN-83       1100                    20                                   
      7934 MILLER     CLERK           7782 23-JAN-82       1300                    10                                   

8 rows selected.

SQL> SELECT * FROM EMP WHERE SAL<1000;

     EMPNO ENAME      JOB              MGR HIREDATE         SAL       COMM     DEPTNO                                   
---------- ---------- --------- ---------- --------- ---------- ---------- ----------                                   
      7900 JAMES      CLERK           7698 03-DEC-81        950                    30                                   
      7369 SMITH      CLERK           7902 17-DEC-80        800                    20                                   

SQL> SELECT 78*5000 FROM DUAL;

   78*5000                                                                                                              
----------                                                                                                              
    390000                                                                                                              

SQL> SELECT 245*5000 FROM DUAL;

  245*5000                                                                                                              
----------                                                                                                              
   1225000                                                                                                              

SQL> SELECT * FROM DUAL;

D                                                                                                                       
-                                                                                                                       
X                                                                                                                       

SQL> SELECT * FROM DUMMY;

     DUMMY                                                                                                              
----------                                                                                                              
         0                                                                                                              

SQL> SELECT 100+200 FROM DUMMY;

   100+200                                                                                                              
----------                                                                                                              
       300                                                                                                              

SQL> SELECT 100+200 FROM DEPT;

   100+200                                                                                                              
----------                                                                                                              
       300                                                                                                              
       300                                                                                                              
       300                                                                                                              
       300                                                                                                              

SQL> SELECT 100+200 FROM EMP;

   100+200                                                                                                              
----------                                                                                                              
       300                                                                                                              
       300                                                                                                              
       300                                                                                                              
       300                                                                                                              
       300                                                                                                              
       300                                                                                                              
       300                                                                                                              
       300                                                                                                              
       300                                                                                                              
       300                                                                                                              
       300                                                                                                              

   100+200                                                                                                              
----------                                                                                                              
       300                                                                                                              
       300                                                                                                              
       300                                                                                                              

14 rows selected.

SQL> SELECT 100+200 ;
SELECT 100+200 
              *
ERROR at line 1:
ORA-00923: FROM keyword not found where expected 


SQL> SELECT 100+200 FROM DUMMY;

   100+200                                                                                                              
----------                                                                                                              
       300                                                                                                              

SQL> SELECT EMPNO,ENAME, JOB,SAL,COMM FROM EMP;

     EMPNO ENAME      JOB              SAL       COMM                                                                   
---------- ---------- --------- ---------- ----------                                                                   
      7839 KING       PRESIDENT       5000                                                                              
      7698 BLAKE      MANAGER         2850                                                                              
      7782 CLARK      MANAGER         2450                                                                              
      7566 JONES      MANAGER         2975                                                                              
      7654 MARTIN     SALESMAN        1250       1400                                                                   
      7499 ALLEN      SALESMAN        1600        300                                                                   
      7844 TURNER     SALESMAN        1500          0                                                                   
      7900 JAMES      CLERK            950                                                                              
      7521 WARD       SALESMAN        1250        500                                                                   
      7902 FORD       ANALYST         3000                                                                              
      7369 SMITH      CLERK            800                                                                              

     EMPNO ENAME      JOB              SAL       COMM                                                                   
---------- ---------- --------- ---------- ----------                                                                   
      7788 SCOTT      ANALYST         3000                                                                              
      7876 ADAMS      CLERK           1100                                                                              
      7934 MILLER     CLERK           1300                                                                              

14 rows selected.

SQL> SELECT EMPNO,ENAME, JOB,MGR,HIREDATE,JOB,SAL,COMM FROM EMP;

     EMPNO ENAME      JOB              MGR HIREDATE  JOB              SAL       COMM                                    
---------- ---------- --------- ---------- --------- --------- ---------- ----------                                    
      7839 KING       PRESIDENT            17-NOV-81 PRESIDENT       5000                                               
      7698 BLAKE      MANAGER         7839 01-MAY-81 MANAGER         2850                                               
      7782 CLARK      MANAGER         7839 09-JUN-81 MANAGER         2450                                               
      7566 JONES      MANAGER         7839 02-APR-81 MANAGER         2975                                               
      7654 MARTIN     SALESMAN        7698 28-SEP-81 SALESMAN        1250       1400                                    
      7499 ALLEN      SALESMAN        7698 20-FEB-81 SALESMAN        1600        300                                    
      7844 TURNER     SALESMAN        7698 08-SEP-81 SALESMAN        1500          0                                    
      7900 JAMES      CLERK           7698 03-DEC-81 CLERK            950                                               
      7521 WARD       SALESMAN        7698 22-FEB-81 SALESMAN        1250        500                                    
      7902 FORD       ANALYST         7566 03-DEC-81 ANALYST         3000                                               
      7369 SMITH      CLERK           7902 17-DEC-80 CLERK            800                                               

     EMPNO ENAME      JOB              MGR HIREDATE  JOB              SAL       COMM                                    
---------- ---------- --------- ---------- --------- --------- ---------- ----------                                    
      7788 SCOTT      ANALYST         7566 09-DEC-82 ANALYST         3000                                               
      7876 ADAMS      CLERK           7788 12-JAN-83 CLERK           1100                                               
      7934 MILLER     CLERK           7782 23-JAN-82 CLERK           1300                                               

14 rows selected.

SQL> SELECT EMPNO,ENAME, JOB,MGR,HIREDATE,JOB,SAL,COMM,DEPTNO FROM EMP;

     EMPNO ENAME      JOB              MGR HIREDATE  JOB              SAL       COMM     DEPTNO                         
---------- ---------- --------- ---------- --------- --------- ---------- ---------- ----------                         
      7839 KING       PRESIDENT            17-NOV-81 PRESIDENT       5000                    10                         
      7698 BLAKE      MANAGER         7839 01-MAY-81 MANAGER         2850                    30                         
      7782 CLARK      MANAGER         7839 09-JUN-81 MANAGER         2450                    10                         
      7566 JONES      MANAGER         7839 02-APR-81 MANAGER         2975                    20                         
      7654 MARTIN     SALESMAN        7698 28-SEP-81 SALESMAN        1250       1400         30                         
      7499 ALLEN      SALESMAN        7698 20-FEB-81 SALESMAN        1600        300         30                         
      7844 TURNER     SALESMAN        7698 08-SEP-81 SALESMAN        1500          0         30                         
      7900 JAMES      CLERK           7698 03-DEC-81 CLERK            950                    30                         
      7521 WARD       SALESMAN        7698 22-FEB-81 SALESMAN        1250        500         30                         
      7902 FORD       ANALYST         7566 03-DEC-81 ANALYST         3000                    20                         
      7369 SMITH      CLERK           7902 17-DEC-80 CLERK            800                    20                         

     EMPNO ENAME      JOB              MGR HIREDATE  JOB              SAL       COMM     DEPTNO                         
---------- ---------- --------- ---------- --------- --------- ---------- ---------- ----------                         
      7788 SCOTT      ANALYST         7566 09-DEC-82 ANALYST         3000                    20                         
      7876 ADAMS      CLERK           7788 12-JAN-83 CLERK           1100                    20                         
      7934 MILLER     CLERK           7782 23-JAN-82 CLERK           1300                    10                         

14 rows selected.

SQL> SELECT EMPNO,ENAME,JOB,SAL,COMM FROM EMP;

     EMPNO ENAME      JOB              SAL       COMM                                                                   
---------- ---------- --------- ---------- ----------                                                                   
      7839 KING       PRESIDENT       5000                                                                              
      7698 BLAKE      MANAGER         2850                                                                              
      7782 CLARK      MANAGER         2450                                                                              
      7566 JONES      MANAGER         2975                                                                              
      7654 MARTIN     SALESMAN        1250       1400                                                                   
      7499 ALLEN      SALESMAN        1600        300                                                                   
      7844 TURNER     SALESMAN        1500          0                                                                   
      7900 JAMES      CLERK            950                                                                              
      7521 WARD       SALESMAN        1250        500                                                                   
      7902 FORD       ANALYST         3000                                                                              
      7369 SMITH      CLERK            800                                                                              

     EMPNO ENAME      JOB              SAL       COMM                                                                   
---------- ---------- --------- ---------- ----------                                                                   
      7788 SCOTT      ANALYST         3000                                                                              
      7876 ADAMS      CLERK           1100                                                                              
      7934 MILLER     CLERK           1300                                                                              

14 rows selected.

SQL> SELECT EMPNO,ENAME,JOB,SAL,SAL+1000,COMM FROM EMP;

     EMPNO ENAME      JOB              SAL   SAL+1000       COMM                                                        
---------- ---------- --------- ---------- ---------- ----------                                                        
      7839 KING       PRESIDENT       5000       6000                                                                   
      7698 BLAKE      MANAGER         2850       3850                                                                   
      7782 CLARK      MANAGER         2450       3450                                                                   
      7566 JONES      MANAGER         2975       3975                                                                   
      7654 MARTIN     SALESMAN        1250       2250       1400                                                        
      7499 ALLEN      SALESMAN        1600       2600        300                                                        
      7844 TURNER     SALESMAN        1500       2500          0                                                        
      7900 JAMES      CLERK            950       1950                                                                   
      7521 WARD       SALESMAN        1250       2250        500                                                        
      7902 FORD       ANALYST         3000       4000                                                                   
      7369 SMITH      CLERK            800       1800                                                                   

     EMPNO ENAME      JOB              SAL   SAL+1000       COMM                                                        
---------- ---------- --------- ---------- ---------- ----------                                                        
      7788 SCOTT      ANALYST         3000       4000                                                                   
      7876 ADAMS      CLERK           1100       2100                                                                   
      7934 MILLER     CLERK           1300       2300                                                                   

14 rows selected.

SQL> SELECT 100+200-10*5 FROM DUMMY;

100+200-10*5                                                                                                            
------------                                                                                                            
         250                                                                                                            

SQL> SELECT SYSDATE FROM DUAL;

SYSDATE                                                                                                                 
---------                                                                                                               
02-JUL-21                                                                                                               

SQL> SELECT SYSDATE FROM DUMMY;

SYSDATE                                                                                                                 
---------                                                                                                               
02-JUL-21                                                                                                               

SQL> SELECT SYSDATE FROM EMP;

SYSDATE                                                                                                                 
---------                                                                                                               
02-JUL-21                                                                                                               
02-JUL-21                                                                                                               
02-JUL-21                                                                                                               
02-JUL-21                                                                                                               
02-JUL-21                                                                                                               
02-JUL-21                                                                                                               
02-JUL-21                                                                                                               
02-JUL-21                                                                                                               
02-JUL-21                                                                                                               
02-JUL-21                                                                                                               
02-JUL-21                                                                                                               

SYSDATE                                                                                                                 
---------                                                                                                               
02-JUL-21                                                                                                               
02-JUL-21                                                                                                               
02-JUL-21                                                                                                               

14 rows selected.

SQL> SELECT SYSDATE FROM DUMMY;

SYSDATE                                                                                                                 
---------                                                                                                               
02-JUL-21                                                                                                               

SQL> SELECT * FROM EMP WHERE SAL <1100;

     EMPNO ENAME      JOB              MGR HIREDATE         SAL       COMM     DEPTNO                                   
---------- ---------- --------- ---------- --------- ---------- ---------- ----------                                   
      7900 JAMES      CLERK           7698 03-DEC-81        950                    30                                   
      7369 SMITH      CLERK           7902 17-DEC-80        800                    20                                   

SQL> SELECT * FROM EMP WHERE SAL >1100;

     EMPNO ENAME      JOB              MGR HIREDATE         SAL       COMM     DEPTNO                                   
---------- ---------- --------- ---------- --------- ---------- ---------- ----------                                   
      7839 KING       PRESIDENT            17-NOV-81       5000                    10                                   
      7698 BLAKE      MANAGER         7839 01-MAY-81       2850                    30                                   
      7782 CLARK      MANAGER         7839 09-JUN-81       2450                    10                                   
      7566 JONES      MANAGER         7839 02-APR-81       2975                    20                                   
      7654 MARTIN     SALESMAN        7698 28-SEP-81       1250       1400         30                                   
      7499 ALLEN      SALESMAN        7698 20-FEB-81       1600        300         30                                   
      7844 TURNER     SALESMAN        7698 08-SEP-81       1500          0         30                                   
      7521 WARD       SALESMAN        7698 22-FEB-81       1250        500         30                                   
      7902 FORD       ANALYST         7566 03-DEC-81       3000                    20                                   
      7788 SCOTT      ANALYST         7566 09-DEC-82       3000                    20                                   
      7934 MILLER     CLERK           7782 23-JAN-82       1300                    10                                   

11 rows selected.

SQL> SELECT * FROM EMP WHERE SAL >=1000 AND SAL<=2000;

     EMPNO ENAME      JOB              MGR HIREDATE         SAL       COMM     DEPTNO                                   
---------- ---------- --------- ---------- --------- ---------- ---------- ----------                                   
      7654 MARTIN     SALESMAN        7698 28-SEP-81       1250       1400         30                                   
      7499 ALLEN      SALESMAN        7698 20-FEB-81       1600        300         30                                   
      7844 TURNER     SALESMAN        7698 08-SEP-81       1500          0         30                                   
      7521 WARD       SALESMAN        7698 22-FEB-81       1250        500         30                                   
      7876 ADAMS      CLERK           7788 12-JAN-83       1100                    20                                   
      7934 MILLER     CLERK           7782 23-JAN-82       1300                    10                                   

6 rows selected.

SQL> SELECT * FROM EMP WHERE SAL >1000 AND SAL<2000;

     EMPNO ENAME      JOB              MGR HIREDATE         SAL       COMM     DEPTNO                                   
---------- ---------- --------- ---------- --------- ---------- ---------- ----------                                   
      7654 MARTIN     SALESMAN        7698 28-SEP-81       1250       1400         30                                   
      7499 ALLEN      SALESMAN        7698 20-FEB-81       1600        300         30                                   
      7844 TURNER     SALESMAN        7698 08-SEP-81       1500          0         30                                   
      7521 WARD       SALESMAN        7698 22-FEB-81       1250        500         30                                   
      7876 ADAMS      CLERK           7788 12-JAN-83       1100                    20                                   
      7934 MILLER     CLERK           7782 23-JAN-82       1300                    10                                   

6 rows selected.

SQL> SELECT * FROM EMP WHERE SAL >1250 AND SAL<1500;

     EMPNO ENAME      JOB              MGR HIREDATE         SAL       COMM     DEPTNO                                   
---------- ---------- --------- ---------- --------- ---------- ---------- ----------                                   
      7934 MILLER     CLERK           7782 23-JAN-82       1300                    10                                   

SQL> SELECT * FROM EMP WHERE SAL >=1250 AND SAL<=1500;

     EMPNO ENAME      JOB              MGR HIREDATE         SAL       COMM     DEPTNO                                   
---------- ---------- --------- ---------- --------- ---------- ---------- ----------                                   
      7654 MARTIN     SALESMAN        7698 28-SEP-81       1250       1400         30                                   
      7844 TURNER     SALESMAN        7698 08-SEP-81       1500          0         30                                   
      7521 WARD       SALESMAN        7698 22-FEB-81       1250        500         30                                   
      7934 MILLER     CLERK           7782 23-JAN-82       1300                    10                                   

SQL> SELECT * FROM EMP WHERE SAL BETWEEN (1250,1500);
SELECT * FROM EMP WHERE SAL BETWEEN (1250,1500)
                                         *
ERROR at line 1:
ORA-00907: missing right parenthesis 


SQL> SELECT * FROM EMP WHERE SAL BETWEEN 1250 AND 1500;

     EMPNO ENAME      JOB              MGR HIREDATE         SAL       COMM     DEPTNO                                   
---------- ---------- --------- ---------- --------- ---------- ---------- ----------                                   
      7654 MARTIN     SALESMAN        7698 28-SEP-81       1250       1400         30                                   
      7844 TURNER     SALESMAN        7698 08-SEP-81       1500          0         30                                   
      7521 WARD       SALESMAN        7698 22-FEB-81       1250        500         30                                   
      7934 MILLER     CLERK           7782 23-JAN-82       1300                    10                                   

SQL> SELECT * FROM EMP WHERE SAL BETWEEN 1250 AND 1500 ;

     EMPNO ENAME      JOB              MGR HIREDATE         SAL       COMM     DEPTNO                                   
---------- ---------- --------- ---------- --------- ---------- ---------- ----------                                   
      7654 MARTIN     SALESMAN        7698 28-SEP-81       1250       1400         30                                   
      7844 TURNER     SALESMAN        7698 08-SEP-81       1500          0         30                                   
      7521 WARD       SALESMAN        7698 22-FEB-81       1250        500         30                                   
      7934 MILLER     CLERK           7782 23-JAN-82       1300                    10                                   

SQL> SELECT * FROM EMP WHERE SAL > 1250 AND SAL < 1500 ;

     EMPNO ENAME      JOB              MGR HIREDATE         SAL       COMM     DEPTNO                                   
---------- ---------- --------- ---------- --------- ---------- ---------- ----------                                   
      7934 MILLER     CLERK           7782 23-JAN-82       1300                    10                                   

SQL> SELECT * FROM EMP WHERE SAL >= 1250 AND SAL <= 1500 ;

     EMPNO ENAME      JOB              MGR HIREDATE         SAL       COMM     DEPTNO                                   
---------- ---------- --------- ---------- --------- ---------- ---------- ----------                                   
      7654 MARTIN     SALESMAN        7698 28-SEP-81       1250       1400         30                                   
      7844 TURNER     SALESMAN        7698 08-SEP-81       1500          0         30                                   
      7521 WARD       SALESMAN        7698 22-FEB-81       1250        500         30                                   
      7934 MILLER     CLERK           7782 23-JAN-82       1300                    10                                   

SQL> 
SQL> SELECT * FROM EMP;

     EMPNO ENAME      JOB              MGR HIREDATE         SAL       COMM     DEPTNO                                   
---------- ---------- --------- ---------- --------- ---------- ---------- ----------                                   
      7839 KING       PRESIDENT            17-NOV-81       5000                    10                                   
      7698 BLAKE      MANAGER         7839 01-MAY-81       2850                    30                                   
      7782 CLARK      MANAGER         7839 09-JUN-81       2450                    10                                   
      7566 JONES      MANAGER         7839 02-APR-81       2975                    20                                   
      7654 MARTIN     SALESMAN        7698 28-SEP-81       1250       1400         30                                   
      7499 ALLEN      SALESMAN        7698 20-FEB-81       1600        300         30                                   
      7844 TURNER     SALESMAN        7698 08-SEP-81       1500          0         30                                   
      7900 JAMES      CLERK           7698 03-DEC-81        950                    30                                   
      7521 WARD       SALESMAN        7698 22-FEB-81       1250        500         30                                   
      7902 FORD       ANALYST         7566 03-DEC-81       3000                    20                                   
      7369 SMITH      CLERK           7902 17-DEC-80        800                    20                                   

     EMPNO ENAME      JOB              MGR HIREDATE         SAL       COMM     DEPTNO                                   
---------- ---------- --------- ---------- --------- ---------- ---------- ----------                                   
      7788 SCOTT      ANALYST         7566 09-DEC-82       3000                    20                                   
      7876 ADAMS      CLERK           7788 12-JAN-83       1100                    20                                   
      7934 MILLER     CLERK           7782 23-JAN-82       1300                    10                                   

14 rows selected.

SQL> SELECT * FROM EMP WHERE ENAME='KING';

     EMPNO ENAME      JOB              MGR HIREDATE         SAL       COMM     DEPTNO                                   
---------- ---------- --------- ---------- --------- ---------- ---------- ----------                                   
      7839 KING       PRESIDENT            17-NOV-81       5000                    10                                   

SQL> SELECT * FROM EMP WHERE ENAME='king';

no rows selected

SQL> SELECT * FROM EMP WHERE ENAME=upper('king');

     EMPNO ENAME      JOB              MGR HIREDATE         SAL       COMM     DEPTNO                                   
---------- ---------- --------- ---------- --------- ---------- ---------- ----------                                   
      7839 KING       PRESIDENT            17-NOV-81       5000                    10                                   

SQL> select upper('lti'), lower('LTI'), initcap('lti') from dual;

UPP LOW INI                                                                                                             
--- --- ---                                                                                                             
LTI lti Lti                                                                                                             

SQL> select upper('lti'), lower('LTI'), initcap('larsen and tubro limited') from dual;

UPP LOW INITCAP('LARSENANDTUBROL                                                                                        
--- --- ------------------------                                                                                        
LTI lti Larsen And Tubro Limited                                                                                        

SQL> select upper(ename), lower(ename), initcap(ename) from dual;
select upper(ename), lower(ename), initcap(ename) from dual
                                           *
ERROR at line 1:
ORA-00904: "ENAME": invalid identifier 


SQL> select upper(ename), lower(ename), initcap(ename) from emp;

UPPER(ENAM LOWER(ENAM INITCAP(EN                                                                                        
---------- ---------- ----------                                                                                        
KING       king       King                                                                                              
BLAKE      blake      Blake                                                                                             
CLARK      clark      Clark                                                                                             
JONES      jones      Jones                                                                                             
MARTIN     martin     Martin                                                                                            
ALLEN      allen      Allen                                                                                             
TURNER     turner     Turner                                                                                            
JAMES      james      James                                                                                             
WARD       ward       Ward                                                                                              
FORD       ford       Ford                                                                                              
SMITH      smith      Smith                                                                                             

UPPER(ENAM LOWER(ENAM INITCAP(EN                                                                                        
---------- ---------- ----------                                                                                        
SCOTT      scott      Scott                                                                                             
ADAMS      adams      Adams                                                                                             
MILLER     miller     Miller                                                                                            

14 rows selected.

SQL> select sal from emp;

       SAL                                                                                                              
----------                                                                                                              
      5000                                                                                                              
      2850                                                                                                              
      2450                                                                                                              
      2975                                                                                                              
      1250                                                                                                              
      1600                                                                                                              
      1500                                                                                                              
       950                                                                                                              
      1250                                                                                                              
      3000                                                                                                              
       800                                                                                                              

       SAL                                                                                                              
----------                                                                                                              
      3000                                                                                                              
      1100                                                                                                              
      1300                                                                                                              

14 rows selected.

SQL> select sum(sal) from emp;

  SUM(SAL)                                                                                                              
----------                                                                                                              
     29025                                                                                                              

SQL> select sum(sal),avg(sal) from emp;

  SUM(SAL)   AVG(SAL)                                                                                                   
---------- ----------                                                                                                   
     29025 2073.21429                                                                                                   

SQL> select sum(sal),avg(sal),min(sal),max(sal) from emp;

  SUM(SAL)   AVG(SAL)   MIN(SAL)   MAX(SAL)                                                                             
---------- ---------- ---------- ----------                                                                             
     29025 2073.21429        800       5000                                                                             

SQL> select sum(sal) from emp where deptno=10;

  SUM(SAL)                                                                                                              
----------                                                                                                              
      8750                                                                                                              

SQL> select sum(sal) from emp where deptno=20;

  SUM(SAL)                                                                                                              
----------                                                                                                              
     10875                                                                                                              

SQL> select sum(sal) from emp where deptno=30;

  SUM(SAL)                                                                                                              
----------                                                                                                              
      9400                                                                                                              

SQL> select 8750 + 10875 + 9400 from dual;

8750+10875+9400                                                                                                         
---------------                                                                                                         
          29025                                                                                                         

SQL> select sum(sal) from emp where job='SALESMAN';

  SUM(SAL)                                                                                                              
----------                                                                                                              
      5600                                                                                                              

SQL> select sum(sal) from emp where job='CLERK';

  SUM(SAL)                                                                                                              
----------                                                                                                              
      4150                                                                                                              

SQL> select sum(sal) from emp where job='MANAGER';

  SUM(SAL)                                                                                                              
----------                                                                                                              
      8275                                                                                                              

SQL> select sum(sal),min(sal),max(sal) from emp where job='SALESMAN';

  SUM(SAL)   MIN(SAL)   MAX(SAL)                                                                                        
---------- ---------- ----------                                                                                        
      5600       1250       1600                                                                                        

SQL> select * from emp;

     EMPNO ENAME      JOB              MGR HIREDATE         SAL       COMM     DEPTNO                                   
---------- ---------- --------- ---------- --------- ---------- ---------- ----------                                   
      7839 KING       PRESIDENT            17-NOV-81       5000                    10                                   
      7698 BLAKE      MANAGER         7839 01-MAY-81       2850                    30                                   
      7782 CLARK      MANAGER         7839 09-JUN-81       2450                    10                                   
      7566 JONES      MANAGER         7839 02-APR-81       2975                    20                                   
      7654 MARTIN     SALESMAN        7698 28-SEP-81       1250       1400         30                                   
      7499 ALLEN      SALESMAN        7698 20-FEB-81       1600        300         30                                   
      7844 TURNER     SALESMAN        7698 08-SEP-81       1500          0         30                                   
      7900 JAMES      CLERK           7698 03-DEC-81        950                    30                                   
      7521 WARD       SALESMAN        7698 22-FEB-81       1250        500         30                                   
      7902 FORD       ANALYST         7566 03-DEC-81       3000                    20                                   
      7369 SMITH      CLERK           7902 17-DEC-80        800                    20                                   

     EMPNO ENAME      JOB              MGR HIREDATE         SAL       COMM     DEPTNO                                   
---------- ---------- --------- ---------- --------- ---------- ---------- ----------                                   
      7788 SCOTT      ANALYST         7566 09-DEC-82       3000                    20                                   
      7876 ADAMS      CLERK           7788 12-JAN-83       1100                    20                                   
      7934 MILLER     CLERK           7782 23-JAN-82       1300                    10                                   

14 rows selected.

SQL> select * from emp where hiredate = '17-nov-81';

     EMPNO ENAME      JOB              MGR HIREDATE         SAL       COMM     DEPTNO                                   
---------- ---------- --------- ---------- --------- ---------- ---------- ----------                                   
      7839 KING       PRESIDENT            17-NOV-81       5000                    10                                   

SQL> select * from emp where hiredate = '17-noV-81';

     EMPNO ENAME      JOB              MGR HIREDATE         SAL       COMM     DEPTNO                                   
---------- ---------- --------- ---------- --------- ---------- ---------- ----------                                   
      7839 KING       PRESIDENT            17-NOV-81       5000                    10                                   

SQL> select * from emp where hiredate = '17-noVe-81';
select * from emp where hiredate = '17-noVe-81'
                                   *
ERROR at line 1:
ORA-01841: (full) year must be between -4713 and +9999, and not be 0 


SQL> select * from emp where hiredate = '17-no-81';
select * from emp where hiredate = '17-no-81'
                                   *
ERROR at line 1:
ORA-01843: not a valid month 


SQL> select * from emp where hiredate = '17-nOv-81';

     EMPNO ENAME      JOB              MGR HIREDATE         SAL       COMM     DEPTNO                                   
---------- ---------- --------- ---------- --------- ---------- ---------- ----------                                   
      7839 KING       PRESIDENT            17-NOV-81       5000                    10                                   

SQL> select * from emp where hiredate >= '17-nOv-81';

     EMPNO ENAME      JOB              MGR HIREDATE         SAL       COMM     DEPTNO                                   
---------- ---------- --------- ---------- --------- ---------- ---------- ----------                                   
      7839 KING       PRESIDENT            17-NOV-81       5000                    10                                   
      7900 JAMES      CLERK           7698 03-DEC-81        950                    30                                   
      7902 FORD       ANALYST         7566 03-DEC-81       3000                    20                                   
      7788 SCOTT      ANALYST         7566 09-DEC-82       3000                    20                                   
      7876 ADAMS      CLERK           7788 12-JAN-83       1100                    20                                   
      7934 MILLER     CLERK           7782 23-JAN-82       1300                    10                                   

6 rows selected.

SQL> select * from emp where hiredate = '17-nOv-81';

     EMPNO ENAME      JOB              MGR HIREDATE         SAL       COMM     DEPTNO                                   
---------- ---------- --------- ---------- --------- ---------- ---------- ----------                                   
      7839 KING       PRESIDENT            17-NOV-81       5000                    10                                   

SQL> select * from emp where hiredate >= '17-nOv-81';

     EMPNO ENAME      JOB              MGR HIREDATE         SAL       COMM     DEPTNO                                   
---------- ---------- --------- ---------- --------- ---------- ---------- ----------                                   
      7839 KING       PRESIDENT            17-NOV-81       5000                    10                                   
      7900 JAMES      CLERK           7698 03-DEC-81        950                    30                                   
      7902 FORD       ANALYST         7566 03-DEC-81       3000                    20                                   
      7788 SCOTT      ANALYST         7566 09-DEC-82       3000                    20                                   
      7876 ADAMS      CLERK           7788 12-JAN-83       1100                    20                                   
      7934 MILLER     CLERK           7782 23-JAN-82       1300                    10                                   

6 rows selected.

SQL> select * from emp where hiredate <= '17-nOv-81';

     EMPNO ENAME      JOB              MGR HIREDATE         SAL       COMM     DEPTNO                                   
---------- ---------- --------- ---------- --------- ---------- ---------- ----------                                   
      7839 KING       PRESIDENT            17-NOV-81       5000                    10                                   
      7698 BLAKE      MANAGER         7839 01-MAY-81       2850                    30                                   
      7782 CLARK      MANAGER         7839 09-JUN-81       2450                    10                                   
      7566 JONES      MANAGER         7839 02-APR-81       2975                    20                                   
      7654 MARTIN     SALESMAN        7698 28-SEP-81       1250       1400         30                                   
      7499 ALLEN      SALESMAN        7698 20-FEB-81       1600        300         30                                   
      7844 TURNER     SALESMAN        7698 08-SEP-81       1500          0         30                                   
      7521 WARD       SALESMAN        7698 22-FEB-81       1250        500         30                                   
      7369 SMITH      CLERK           7902 17-DEC-80        800                    20                                   

9 rows selected.

SQL> select * from emp where hiredate >='1-Jan-81' and hiredate<='31-Mar-81';

     EMPNO ENAME      JOB              MGR HIREDATE         SAL       COMM     DEPTNO                                   
---------- ---------- --------- ---------- --------- ---------- ---------- ----------                                   
      7499 ALLEN      SALESMAN        7698 20-FEB-81       1600        300         30                                   
      7521 WARD       SALESMAN        7698 22-FEB-81       1250        500         30                                   

SQL> select * from emp where hiredate between '1-Jan-81' and '31-Mar-81';

     EMPNO ENAME      JOB              MGR HIREDATE         SAL       COMM     DEPTNO                                   
---------- ---------- --------- ---------- --------- ---------- ---------- ----------                                   
      7499 ALLEN      SALESMAN        7698 20-FEB-81       1600        300         30                                   
      7521 WARD       SALESMAN        7698 22-FEB-81       1250        500         30                                   

SQL> select * from emp where hiredate between '1-01-81' and '31-03-81';
select * from emp where hiredate between '1-01-81' and '31-03-81'
                                         *
ERROR at line 1:
ORA-01843: not a valid month 


SQL> select empno,ename, job, hiredate from emp;

     EMPNO ENAME      JOB       HIREDATE                                                                                
---------- ---------- --------- ---------                                                                               
      7839 KING       PRESIDENT 17-NOV-81                                                                               
      7698 BLAKE      MANAGER   01-MAY-81                                                                               
      7782 CLARK      MANAGER   09-JUN-81                                                                               
      7566 JONES      MANAGER   02-APR-81                                                                               
      7654 MARTIN     SALESMAN  28-SEP-81                                                                               
      7499 ALLEN      SALESMAN  20-FEB-81                                                                               
      7844 TURNER     SALESMAN  08-SEP-81                                                                               
      7900 JAMES      CLERK     03-DEC-81                                                                               
      7521 WARD       SALESMAN  22-FEB-81                                                                               
      7902 FORD       ANALYST   03-DEC-81                                                                               
      7369 SMITH      CLERK     17-DEC-80                                                                               

     EMPNO ENAME      JOB       HIREDATE                                                                                
---------- ---------- --------- ---------                                                                               
      7788 SCOTT      ANALYST   09-DEC-82                                                                               
      7876 ADAMS      CLERK     12-JAN-83                                                                               
      7934 MILLER     CLERK     23-JAN-82                                                                               

14 rows selected.

SQL> select empno,ename, job, to_char(hiredate,'dd-Mon-yyyy') from emp;

     EMPNO ENAME      JOB       TO_CHAR(HIR                                                                             
---------- ---------- --------- -----------                                                                             
      7839 KING       PRESIDENT 17-Nov-1981                                                                             
      7698 BLAKE      MANAGER   01-May-1981                                                                             
      7782 CLARK      MANAGER   09-Jun-1981                                                                             
      7566 JONES      MANAGER   02-Apr-1981                                                                             
      7654 MARTIN     SALESMAN  28-Sep-1981                                                                             
      7499 ALLEN      SALESMAN  20-Feb-1981                                                                             
      7844 TURNER     SALESMAN  08-Sep-1981                                                                             
      7900 JAMES      CLERK     03-Dec-1981                                                                             
      7521 WARD       SALESMAN  22-Feb-1981                                                                             
      7902 FORD       ANALYST   03-Dec-1981                                                                             
      7369 SMITH      CLERK     17-Dec-1980                                                                             

     EMPNO ENAME      JOB       TO_CHAR(HIR                                                                             
---------- ---------- --------- -----------                                                                             
      7788 SCOTT      ANALYST   09-Dec-1982                                                                             
      7876 ADAMS      CLERK     12-Jan-1983                                                                             
      7934 MILLER     CLERK     23-Jan-1982                                                                             

14 rows selected.

SQL> select * from emp where hiredate between '1-01-81' and '31-03-81';
select * from emp where hiredate between '1-01-81' and '31-03-81'
                                         *
ERROR at line 1:
ORA-01843: not a valid month 


SQL> select empno,ename, job, to_char(hiredate,'dd-Month-yyyy') from emp;

     EMPNO ENAME      JOB       TO_CHAR(HIREDATE,                                                                       
---------- ---------- --------- -----------------                                                                       
      7839 KING       PRESIDENT 17-November -1981                                                                       
      7698 BLAKE      MANAGER   01-May      -1981                                                                       
      7782 CLARK      MANAGER   09-June     -1981                                                                       
      7566 JONES      MANAGER   02-April    -1981                                                                       
      7654 MARTIN     SALESMAN  28-September-1981                                                                       
      7499 ALLEN      SALESMAN  20-February -1981                                                                       
      7844 TURNER     SALESMAN  08-September-1981                                                                       
      7900 JAMES      CLERK     03-December -1981                                                                       
      7521 WARD       SALESMAN  22-February -1981                                                                       
      7902 FORD       ANALYST   03-December -1981                                                                       
      7369 SMITH      CLERK     17-December -1980                                                                       

     EMPNO ENAME      JOB       TO_CHAR(HIREDATE,                                                                       
---------- ---------- --------- -----------------                                                                       
      7788 SCOTT      ANALYST   09-December -1982                                                                       
      7876 ADAMS      CLERK     12-January  -1983                                                                       
      7934 MILLER     CLERK     23-January  -1982                                                                       

14 rows selected.

SQL> select empno,ename, job, to_char(hiredate,'dd-MM-yyyy') from emp;

     EMPNO ENAME      JOB       TO_CHAR(HI                                                                              
---------- ---------- --------- ----------                                                                              
      7839 KING       PRESIDENT 17-11-1981                                                                              
      7698 BLAKE      MANAGER   01-05-1981                                                                              
      7782 CLARK      MANAGER   09-06-1981                                                                              
      7566 JONES      MANAGER   02-04-1981                                                                              
      7654 MARTIN     SALESMAN  28-09-1981                                                                              
      7499 ALLEN      SALESMAN  20-02-1981                                                                              
      7844 TURNER     SALESMAN  08-09-1981                                                                              
      7900 JAMES      CLERK     03-12-1981                                                                              
      7521 WARD       SALESMAN  22-02-1981                                                                              
      7902 FORD       ANALYST   03-12-1981                                                                              
      7369 SMITH      CLERK     17-12-1980                                                                              

     EMPNO ENAME      JOB       TO_CHAR(HI                                                                              
---------- ---------- --------- ----------                                                                              
      7788 SCOTT      ANALYST   09-12-1982                                                                              
      7876 ADAMS      CLERK     12-01-1983                                                                              
      7934 MILLER     CLERK     23-01-1982                                                                              

14 rows selected.

SQL> select empno,ename, job, to_char(hiredate,'dd-MM-yyyy HH:MM') from emp;

     EMPNO ENAME      JOB       TO_CHAR(HIREDATE                                                                        
---------- ---------- --------- ----------------                                                                        
      7839 KING       PRESIDENT 17-11-1981 12:11                                                                        
      7698 BLAKE      MANAGER   01-05-1981 12:05                                                                        
      7782 CLARK      MANAGER   09-06-1981 12:06                                                                        
      7566 JONES      MANAGER   02-04-1981 12:04                                                                        
      7654 MARTIN     SALESMAN  28-09-1981 12:09                                                                        
      7499 ALLEN      SALESMAN  20-02-1981 12:02                                                                        
      7844 TURNER     SALESMAN  08-09-1981 12:09                                                                        
      7900 JAMES      CLERK     03-12-1981 12:12                                                                        
      7521 WARD       SALESMAN  22-02-1981 12:02                                                                        
      7902 FORD       ANALYST   03-12-1981 12:12                                                                        
      7369 SMITH      CLERK     17-12-1980 12:12                                                                        

     EMPNO ENAME      JOB       TO_CHAR(HIREDATE                                                                        
---------- ---------- --------- ----------------                                                                        
      7788 SCOTT      ANALYST   09-12-1982 12:12                                                                        
      7876 ADAMS      CLERK     12-01-1983 12:01                                                                        
      7934 MILLER     CLERK     23-01-1982 12:01                                                                        

14 rows selected.

SQL> select empno,ename, job, to_char(hiredate,'dd-MM-yyyy HH:MI') from emp;

     EMPNO ENAME      JOB       TO_CHAR(HIREDATE                                                                        
---------- ---------- --------- ----------------                                                                        
      7839 KING       PRESIDENT 17-11-1981 12:00                                                                        
      7698 BLAKE      MANAGER   01-05-1981 12:00                                                                        
      7782 CLARK      MANAGER   09-06-1981 12:00                                                                        
      7566 JONES      MANAGER   02-04-1981 12:00                                                                        
      7654 MARTIN     SALESMAN  28-09-1981 12:00                                                                        
      7499 ALLEN      SALESMAN  20-02-1981 12:00                                                                        
      7844 TURNER     SALESMAN  08-09-1981 12:00                                                                        
      7900 JAMES      CLERK     03-12-1981 12:00                                                                        
      7521 WARD       SALESMAN  22-02-1981 12:00                                                                        
      7902 FORD       ANALYST   03-12-1981 12:00                                                                        
      7369 SMITH      CLERK     17-12-1980 12:00                                                                        

     EMPNO ENAME      JOB       TO_CHAR(HIREDATE                                                                        
---------- ---------- --------- ----------------                                                                        
      7788 SCOTT      ANALYST   09-12-1982 12:00                                                                        
      7876 ADAMS      CLERK     12-01-1983 12:00                                                                        
      7934 MILLER     CLERK     23-01-1982 12:00                                                                        

14 rows selected.

SQL> select empno,ename, job, to_char(hiredate,'dd-MM-yyyy HH:MI:SS') from emp;

     EMPNO ENAME      JOB       TO_CHAR(HIREDATE,'D                                                                     
---------- ---------- --------- -------------------                                                                     
      7839 KING       PRESIDENT 17-11-1981 12:00:00                                                                     
      7698 BLAKE      MANAGER   01-05-1981 12:00:00                                                                     
      7782 CLARK      MANAGER   09-06-1981 12:00:00                                                                     
      7566 JONES      MANAGER   02-04-1981 12:00:00                                                                     
      7654 MARTIN     SALESMAN  28-09-1981 12:00:00                                                                     
      7499 ALLEN      SALESMAN  20-02-1981 12:00:00                                                                     
      7844 TURNER     SALESMAN  08-09-1981 12:00:00                                                                     
      7900 JAMES      CLERK     03-12-1981 12:00:00                                                                     
      7521 WARD       SALESMAN  22-02-1981 12:00:00                                                                     
      7902 FORD       ANALYST   03-12-1981 12:00:00                                                                     
      7369 SMITH      CLERK     17-12-1980 12:00:00                                                                     

     EMPNO ENAME      JOB       TO_CHAR(HIREDATE,'D                                                                     
---------- ---------- --------- -------------------                                                                     
      7788 SCOTT      ANALYST   09-12-1982 12:00:00                                                                     
      7876 ADAMS      CLERK     12-01-1983 12:00:00                                                                     
      7934 MILLER     CLERK     23-01-1982 12:00:00                                                                     

14 rows selected.

SQL> select empno,ename, job, to_char(hiredate,'day dd-MM-yyyy HH:MI:SS') from emp;

     EMPNO ENAME      JOB       TO_CHAR(HIREDATE,'DAYDD-MM-YY                                                           
---------- ---------- --------- -----------------------------                                                           
      7839 KING       PRESIDENT tuesday   17-11-1981 12:00:00                                                           
      7698 BLAKE      MANAGER   friday    01-05-1981 12:00:00                                                           
      7782 CLARK      MANAGER   tuesday   09-06-1981 12:00:00                                                           
      7566 JONES      MANAGER   thursday  02-04-1981 12:00:00                                                           
      7654 MARTIN     SALESMAN  monday    28-09-1981 12:00:00                                                           
      7499 ALLEN      SALESMAN  friday    20-02-1981 12:00:00                                                           
      7844 TURNER     SALESMAN  tuesday   08-09-1981 12:00:00                                                           
      7900 JAMES      CLERK     thursday  03-12-1981 12:00:00                                                           
      7521 WARD       SALESMAN  sunday    22-02-1981 12:00:00                                                           
      7902 FORD       ANALYST   thursday  03-12-1981 12:00:00                                                           
      7369 SMITH      CLERK     wednesday 17-12-1980 12:00:00                                                           

     EMPNO ENAME      JOB       TO_CHAR(HIREDATE,'DAYDD-MM-YY                                                           
---------- ---------- --------- -----------------------------                                                           
      7788 SCOTT      ANALYST   thursday  09-12-1982 12:00:00                                                           
      7876 ADAMS      CLERK     wednesday 12-01-1983 12:00:00                                                           
      7934 MILLER     CLERK     saturday  23-01-1982 12:00:00                                                           

14 rows selected.

SQL> select empno,ename, job, to_char(hiredate,'Day dd-MM-yyyy HH:MI:SS') from emp;

     EMPNO ENAME      JOB       TO_CHAR(HIREDATE,'DAYDD-MM-YY                                                           
---------- ---------- --------- -----------------------------                                                           
      7839 KING       PRESIDENT Tuesday   17-11-1981 12:00:00                                                           
      7698 BLAKE      MANAGER   Friday    01-05-1981 12:00:00                                                           
      7782 CLARK      MANAGER   Tuesday   09-06-1981 12:00:00                                                           
      7566 JONES      MANAGER   Thursday  02-04-1981 12:00:00                                                           
      7654 MARTIN     SALESMAN  Monday    28-09-1981 12:00:00                                                           
      7499 ALLEN      SALESMAN  Friday    20-02-1981 12:00:00                                                           
      7844 TURNER     SALESMAN  Tuesday   08-09-1981 12:00:00                                                           
      7900 JAMES      CLERK     Thursday  03-12-1981 12:00:00                                                           
      7521 WARD       SALESMAN  Sunday    22-02-1981 12:00:00                                                           
      7902 FORD       ANALYST   Thursday  03-12-1981 12:00:00                                                           
      7369 SMITH      CLERK     Wednesday 17-12-1980 12:00:00                                                           

     EMPNO ENAME      JOB       TO_CHAR(HIREDATE,'DAYDD-MM-YY                                                           
---------- ---------- --------- -----------------------------                                                           
      7788 SCOTT      ANALYST   Thursday  09-12-1982 12:00:00                                                           
      7876 ADAMS      CLERK     Wednesday 12-01-1983 12:00:00                                                           
      7934 MILLER     CLERK     Saturday  23-01-1982 12:00:00                                                           

14 rows selected.

SQL> select empno,ename, job, to_char(hiredate,'dy day Day dd-MM-yyyy HH:MI:SS') from emp;

     EMPNO ENAME      JOB       TO_CHAR(HIREDATE,'DYDAYDAYDD-MM-YYYYHH:MI:S                                             
---------- ---------- --------- -------------------------------------------                                             
      7839 KING       PRESIDENT tue tuesday   Tuesday   17-11-1981 12:00:00                                             
      7698 BLAKE      MANAGER   fri friday    Friday    01-05-1981 12:00:00                                             
      7782 CLARK      MANAGER   tue tuesday   Tuesday   09-06-1981 12:00:00                                             
      7566 JONES      MANAGER   thu thursday  Thursday  02-04-1981 12:00:00                                             
      7654 MARTIN     SALESMAN  mon monday    Monday    28-09-1981 12:00:00                                             
      7499 ALLEN      SALESMAN  fri friday    Friday    20-02-1981 12:00:00                                             
      7844 TURNER     SALESMAN  tue tuesday   Tuesday   08-09-1981 12:00:00                                             
      7900 JAMES      CLERK     thu thursday  Thursday  03-12-1981 12:00:00                                             
      7521 WARD       SALESMAN  sun sunday    Sunday    22-02-1981 12:00:00                                             
      7902 FORD       ANALYST   thu thursday  Thursday  03-12-1981 12:00:00                                             
      7369 SMITH      CLERK     wed wednesday Wednesday 17-12-1980 12:00:00                                             

     EMPNO ENAME      JOB       TO_CHAR(HIREDATE,'DYDAYDAYDD-MM-YYYYHH:MI:S                                             
---------- ---------- --------- -------------------------------------------                                             
      7788 SCOTT      ANALYST   thu thursday  Thursday  09-12-1982 12:00:00                                             
      7876 ADAMS      CLERK     wed wednesday Wednesday 12-01-1983 12:00:00                                             
      7934 MILLER     CLERK     sat saturday  Saturday  23-01-1982 12:00:00                                             

14 rows selected.

SQL> select empno,ename, job, to_char(hiredate,'d dy day Day dd-MM-yyyy HH:MI:SS') from emp;

     EMPNO ENAME      JOB       TO_CHAR(HIREDATE,'DDYDAYDAYDD-MM-YYYYHH:MI:SS                                           
---------- ---------- --------- ---------------------------------------------                                           
      7839 KING       PRESIDENT 3 tue tuesday   Tuesday   17-11-1981 12:00:00                                           
      7698 BLAKE      MANAGER   6 fri friday    Friday    01-05-1981 12:00:00                                           
      7782 CLARK      MANAGER   3 tue tuesday   Tuesday   09-06-1981 12:00:00                                           
      7566 JONES      MANAGER   5 thu thursday  Thursday  02-04-1981 12:00:00                                           
      7654 MARTIN     SALESMAN  2 mon monday    Monday    28-09-1981 12:00:00                                           
      7499 ALLEN      SALESMAN  6 fri friday    Friday    20-02-1981 12:00:00                                           
      7844 TURNER     SALESMAN  3 tue tuesday   Tuesday   08-09-1981 12:00:00                                           
      7900 JAMES      CLERK     5 thu thursday  Thursday  03-12-1981 12:00:00                                           
      7521 WARD       SALESMAN  1 sun sunday    Sunday    22-02-1981 12:00:00                                           
      7902 FORD       ANALYST   5 thu thursday  Thursday  03-12-1981 12:00:00                                           
      7369 SMITH      CLERK     4 wed wednesday Wednesday 17-12-1980 12:00:00                                           

     EMPNO ENAME      JOB       TO_CHAR(HIREDATE,'DDYDAYDAYDD-MM-YYYYHH:MI:SS                                           
---------- ---------- --------- ---------------------------------------------                                           
      7788 SCOTT      ANALYST   5 thu thursday  Thursday  09-12-1982 12:00:00                                           
      7876 ADAMS      CLERK     4 wed wednesday Wednesday 12-01-1983 12:00:00                                           
      7934 MILLER     CLERK     7 sat saturday  Saturday  23-01-1982 12:00:00                                           

14 rows selected.

SQL> select empno,ename, job, to_char(hiredate,'d dd dy day Day dd-MM-yyyy HH:MI:SS') from emp;

     EMPNO ENAME      JOB       TO_CHAR(HIREDATE,'DDDDYDAYDAYDD-MM-YYYYHH:MI:SS'                                        
---------- ---------- --------- ------------------------------------------------                                        
      7839 KING       PRESIDENT 3 17 tue tuesday   Tuesday   17-11-1981 12:00:00                                        
      7698 BLAKE      MANAGER   6 01 fri friday    Friday    01-05-1981 12:00:00                                        
      7782 CLARK      MANAGER   3 09 tue tuesday   Tuesday   09-06-1981 12:00:00                                        
      7566 JONES      MANAGER   5 02 thu thursday  Thursday  02-04-1981 12:00:00                                        
      7654 MARTIN     SALESMAN  2 28 mon monday    Monday    28-09-1981 12:00:00                                        
      7499 ALLEN      SALESMAN  6 20 fri friday    Friday    20-02-1981 12:00:00                                        
      7844 TURNER     SALESMAN  3 08 tue tuesday   Tuesday   08-09-1981 12:00:00                                        
      7900 JAMES      CLERK     5 03 thu thursday  Thursday  03-12-1981 12:00:00                                        
      7521 WARD       SALESMAN  1 22 sun sunday    Sunday    22-02-1981 12:00:00                                        
      7902 FORD       ANALYST   5 03 thu thursday  Thursday  03-12-1981 12:00:00                                        
      7369 SMITH      CLERK     4 17 wed wednesday Wednesday 17-12-1980 12:00:00                                        

     EMPNO ENAME      JOB       TO_CHAR(HIREDATE,'DDDDYDAYDAYDD-MM-YYYYHH:MI:SS'                                        
---------- ---------- --------- ------------------------------------------------                                        
      7788 SCOTT      ANALYST   5 09 thu thursday  Thursday  09-12-1982 12:00:00                                        
      7876 ADAMS      CLERK     4 12 wed wednesday Wednesday 12-01-1983 12:00:00                                        
      7934 MILLER     CLERK     7 23 sat saturday  Saturday  23-01-1982 12:00:00                                        

14 rows selected.

SQL> select empno,ename, job, to_char(hiredate,'d ddd dy day Day dd-MM-yyyy HH:MI:SS') from emp;

     EMPNO ENAME      JOB       TO_CHAR(HIREDATE,'DDDDDYDAYDAYDD-MM-YYYYHH:MI:SS'                                       
---------- ---------- --------- -------------------------------------------------                                       
      7839 KING       PRESIDENT 3 321 tue tuesday   Tuesday   17-11-1981 12:00:00                                       
      7698 BLAKE      MANAGER   6 121 fri friday    Friday    01-05-1981 12:00:00                                       
      7782 CLARK      MANAGER   3 160 tue tuesday   Tuesday   09-06-1981 12:00:00                                       
      7566 JONES      MANAGER   5 092 thu thursday  Thursday  02-04-1981 12:00:00                                       
      7654 MARTIN     SALESMAN  2 271 mon monday    Monday    28-09-1981 12:00:00                                       
      7499 ALLEN      SALESMAN  6 051 fri friday    Friday    20-02-1981 12:00:00                                       
      7844 TURNER     SALESMAN  3 251 tue tuesday   Tuesday   08-09-1981 12:00:00                                       
      7900 JAMES      CLERK     5 337 thu thursday  Thursday  03-12-1981 12:00:00                                       
      7521 WARD       SALESMAN  1 053 sun sunday    Sunday    22-02-1981 12:00:00                                       
      7902 FORD       ANALYST   5 337 thu thursday  Thursday  03-12-1981 12:00:00                                       
      7369 SMITH      CLERK     4 352 wed wednesday Wednesday 17-12-1980 12:00:00                                       

     EMPNO ENAME      JOB       TO_CHAR(HIREDATE,'DDDDDYDAYDAYDD-MM-YYYYHH:MI:SS'                                       
---------- ---------- --------- -------------------------------------------------                                       
      7788 SCOTT      ANALYST   5 343 thu thursday  Thursday  09-12-1982 12:00:00                                       
      7876 ADAMS      CLERK     4 012 wed wednesday Wednesday 12-01-1983 12:00:00                                       
      7934 MILLER     CLERK     7 023 sat saturday  Saturday  23-01-1982 12:00:00                                       

14 rows selected.

SQL> select * from emp where hiredate between '1-Jan-81' and '31-Mar-81';

     EMPNO ENAME      JOB              MGR HIREDATE         SAL       COMM     DEPTNO                                   
---------- ---------- --------- ---------- --------- ---------- ---------- ----------                                   
      7499 ALLEN      SALESMAN        7698 20-FEB-81       1600        300         30                                   
      7521 WARD       SALESMAN        7698 22-FEB-81       1250        500         30                                   

SQL> select empno,ename, job, to_char(hiredate,'d dd dy day Day dd-MM-yyyy HH24:MI:SS') from emp;

     EMPNO ENAME      JOB       TO_CHAR(HIREDATE,'DDDDYDAYDAYDD-MM-YYYYHH24:MI:S                                        
---------- ---------- --------- ------------------------------------------------                                        
      7839 KING       PRESIDENT 3 17 tue tuesday   Tuesday   17-11-1981 00:00:00                                        
      7698 BLAKE      MANAGER   6 01 fri friday    Friday    01-05-1981 00:00:00                                        
      7782 CLARK      MANAGER   3 09 tue tuesday   Tuesday   09-06-1981 00:00:00                                        
      7566 JONES      MANAGER   5 02 thu thursday  Thursday  02-04-1981 00:00:00                                        
      7654 MARTIN     SALESMAN  2 28 mon monday    Monday    28-09-1981 00:00:00                                        
      7499 ALLEN      SALESMAN  6 20 fri friday    Friday    20-02-1981 00:00:00                                        
      7844 TURNER     SALESMAN  3 08 tue tuesday   Tuesday   08-09-1981 00:00:00                                        
      7900 JAMES      CLERK     5 03 thu thursday  Thursday  03-12-1981 00:00:00                                        
      7521 WARD       SALESMAN  1 22 sun sunday    Sunday    22-02-1981 00:00:00                                        
      7902 FORD       ANALYST   5 03 thu thursday  Thursday  03-12-1981 00:00:00                                        
      7369 SMITH      CLERK     4 17 wed wednesday Wednesday 17-12-1980 00:00:00                                        

     EMPNO ENAME      JOB       TO_CHAR(HIREDATE,'DDDDYDAYDAYDD-MM-YYYYHH24:MI:S                                        
---------- ---------- --------- ------------------------------------------------                                        
      7788 SCOTT      ANALYST   5 09 thu thursday  Thursday  09-12-1982 00:00:00                                        
      7876 ADAMS      CLERK     4 12 wed wednesday Wednesday 12-01-1983 00:00:00                                        
      7934 MILLER     CLERK     7 23 sat saturday  Saturday  23-01-1982 00:00:00                                        

14 rows selected.

SQL> select empno,ename, job, to_char(hiredate,'d dd dy day Day dd-MM-yyyy HH12:MI:SS') from emp;

     EMPNO ENAME      JOB       TO_CHAR(HIREDATE,'DDDDYDAYDAYDD-MM-YYYYHH12:MI:S                                        
---------- ---------- --------- ------------------------------------------------                                        
      7839 KING       PRESIDENT 3 17 tue tuesday   Tuesday   17-11-1981 12:00:00                                        
      7698 BLAKE      MANAGER   6 01 fri friday    Friday    01-05-1981 12:00:00                                        
      7782 CLARK      MANAGER   3 09 tue tuesday   Tuesday   09-06-1981 12:00:00                                        
      7566 JONES      MANAGER   5 02 thu thursday  Thursday  02-04-1981 12:00:00                                        
      7654 MARTIN     SALESMAN  2 28 mon monday    Monday    28-09-1981 12:00:00                                        
      7499 ALLEN      SALESMAN  6 20 fri friday    Friday    20-02-1981 12:00:00                                        
      7844 TURNER     SALESMAN  3 08 tue tuesday   Tuesday   08-09-1981 12:00:00                                        
      7900 JAMES      CLERK     5 03 thu thursday  Thursday  03-12-1981 12:00:00                                        
      7521 WARD       SALESMAN  1 22 sun sunday    Sunday    22-02-1981 12:00:00                                        
      7902 FORD       ANALYST   5 03 thu thursday  Thursday  03-12-1981 12:00:00                                        
      7369 SMITH      CLERK     4 17 wed wednesday Wednesday 17-12-1980 12:00:00                                        

     EMPNO ENAME      JOB       TO_CHAR(HIREDATE,'DDDDYDAYDAYDD-MM-YYYYHH12:MI:S                                        
---------- ---------- --------- ------------------------------------------------                                        
      7788 SCOTT      ANALYST   5 09 thu thursday  Thursday  09-12-1982 12:00:00                                        
      7876 ADAMS      CLERK     4 12 wed wednesday Wednesday 12-01-1983 12:00:00                                        
      7934 MILLER     CLERK     7 23 sat saturday  Saturday  23-01-1982 12:00:00                                        

14 rows selected.

SQL> select empno,ename, job, to_char(hiredate,'d dd dy day Day dd-MM-yyyy HH24:MI:SS') from emp;

     EMPNO ENAME      JOB       TO_CHAR(HIREDATE,'DDDDYDAYDAYDD-MM-YYYYHH24:MI:S                                        
---------- ---------- --------- ------------------------------------------------                                        
      7839 KING       PRESIDENT 3 17 tue tuesday   Tuesday   17-11-1981 00:00:00                                        
      7698 BLAKE      MANAGER   6 01 fri friday    Friday    01-05-1981 00:00:00                                        
      7782 CLARK      MANAGER   3 09 tue tuesday   Tuesday   09-06-1981 00:00:00                                        
      7566 JONES      MANAGER   5 02 thu thursday  Thursday  02-04-1981 00:00:00                                        
      7654 MARTIN     SALESMAN  2 28 mon monday    Monday    28-09-1981 00:00:00                                        
      7499 ALLEN      SALESMAN  6 20 fri friday    Friday    20-02-1981 00:00:00                                        
      7844 TURNER     SALESMAN  3 08 tue tuesday   Tuesday   08-09-1981 00:00:00                                        
      7900 JAMES      CLERK     5 03 thu thursday  Thursday  03-12-1981 00:00:00                                        
      7521 WARD       SALESMAN  1 22 sun sunday    Sunday    22-02-1981 00:00:00                                        
      7902 FORD       ANALYST   5 03 thu thursday  Thursday  03-12-1981 00:00:00                                        
      7369 SMITH      CLERK     4 17 wed wednesday Wednesday 17-12-1980 00:00:00                                        

     EMPNO ENAME      JOB       TO_CHAR(HIREDATE,'DDDDYDAYDAYDD-MM-YYYYHH24:MI:S                                        
---------- ---------- --------- ------------------------------------------------                                        
      7788 SCOTT      ANALYST   5 09 thu thursday  Thursday  09-12-1982 00:00:00                                        
      7876 ADAMS      CLERK     4 12 wed wednesday Wednesday 12-01-1983 00:00:00                                        
      7934 MILLER     CLERK     7 23 sat saturday  Saturday  23-01-1982 00:00:00                                        

14 rows selected.

SQL> select empno,ename, job, to_char(hiredate,'d dd dy day Day yyyy-MM-dd HH24:MI:SS') from emp;

     EMPNO ENAME      JOB       TO_CHAR(HIREDATE,'DDDDYDAYDAYYYYY-MM-DDHH24:MI:S                                        
---------- ---------- --------- ------------------------------------------------                                        
      7839 KING       PRESIDENT 3 17 tue tuesday   Tuesday   1981-11-17 00:00:00                                        
      7698 BLAKE      MANAGER   6 01 fri friday    Friday    1981-05-01 00:00:00                                        
      7782 CLARK      MANAGER   3 09 tue tuesday   Tuesday   1981-06-09 00:00:00                                        
      7566 JONES      MANAGER   5 02 thu thursday  Thursday  1981-04-02 00:00:00                                        
      7654 MARTIN     SALESMAN  2 28 mon monday    Monday    1981-09-28 00:00:00                                        
      7499 ALLEN      SALESMAN  6 20 fri friday    Friday    1981-02-20 00:00:00                                        
      7844 TURNER     SALESMAN  3 08 tue tuesday   Tuesday   1981-09-08 00:00:00                                        
      7900 JAMES      CLERK     5 03 thu thursday  Thursday  1981-12-03 00:00:00                                        
      7521 WARD       SALESMAN  1 22 sun sunday    Sunday    1981-02-22 00:00:00                                        
      7902 FORD       ANALYST   5 03 thu thursday  Thursday  1981-12-03 00:00:00                                        
      7369 SMITH      CLERK     4 17 wed wednesday Wednesday 1980-12-17 00:00:00                                        

     EMPNO ENAME      JOB       TO_CHAR(HIREDATE,'DDDDYDAYDAYYYYY-MM-DDHH24:MI:S                                        
---------- ---------- --------- ------------------------------------------------                                        
      7788 SCOTT      ANALYST   5 09 thu thursday  Thursday  1982-12-09 00:00:00                                        
      7876 ADAMS      CLERK     4 12 wed wednesday Wednesday 1983-01-12 00:00:00                                        
      7934 MILLER     CLERK     7 23 sat saturday  Saturday  1982-01-23 00:00:00                                        

14 rows selected.

SQL> select empno,ename, job, to_char(hiredate,'d dd dy day Day yyyy-MM-dd HH24:MI:SS ysp') from emp;

     EMPNO ENAME      JOB       TO_CHAR(HIREDATE,'DDDDYDAYDAYYYYY-MM-DDHH24:MI:SSYSP')                                  
---------- ---------- --------- ------------------------------------------------------                                  
      7839 KING       PRESIDENT 3 17 tue tuesday   Tuesday   1981-11-17 00:00:00 one                                    
      7698 BLAKE      MANAGER   6 01 fri friday    Friday    1981-05-01 00:00:00 one                                    
      7782 CLARK      MANAGER   3 09 tue tuesday   Tuesday   1981-06-09 00:00:00 one                                    
      7566 JONES      MANAGER   5 02 thu thursday  Thursday  1981-04-02 00:00:00 one                                    
      7654 MARTIN     SALESMAN  2 28 mon monday    Monday    1981-09-28 00:00:00 one                                    
      7499 ALLEN      SALESMAN  6 20 fri friday    Friday    1981-02-20 00:00:00 one                                    
      7844 TURNER     SALESMAN  3 08 tue tuesday   Tuesday   1981-09-08 00:00:00 one                                    
      7900 JAMES      CLERK     5 03 thu thursday  Thursday  1981-12-03 00:00:00 one                                    
      7521 WARD       SALESMAN  1 22 sun sunday    Sunday    1981-02-22 00:00:00 one                                    
      7902 FORD       ANALYST   5 03 thu thursday  Thursday  1981-12-03 00:00:00 one                                    
      7369 SMITH      CLERK     4 17 wed wednesday Wednesday 1980-12-17 00:00:00 zero                                   

     EMPNO ENAME      JOB       TO_CHAR(HIREDATE,'DDDDYDAYDAYYYYY-MM-DDHH24:MI:SSYSP')                                  
---------- ---------- --------- ------------------------------------------------------                                  
      7788 SCOTT      ANALYST   5 09 thu thursday  Thursday  1982-12-09 00:00:00 two                                    
      7876 ADAMS      CLERK     4 12 wed wednesday Wednesday 1983-01-12 00:00:00 three                                  
      7934 MILLER     CLERK     7 23 sat saturday  Saturday  1982-01-23 00:00:00 two                                    

14 rows selected.

SQL> select empno,ename, job, to_char(hiredate,'d dd dy day Day yyyysp-MM-dd HH24:MI:SS') from emp;

     EMPNO ENAME      JOB       TO_CHAR(HIREDATE,'DDDDYDAYDAYYYYYSP-MM-DDHH24:MI:SS')                                   
---------- ---------- --------- --------------------------------------------------------------------------------------  
      7839 KING       PRESIDENT 3 17 tue tuesday   Tuesday   one thousand nine hundred eighty-one-11-17 00:00:00        
      7698 BLAKE      MANAGER   6 01 fri friday    Friday    one thousand nine hundred eighty-one-05-01 00:00:00        
      7782 CLARK      MANAGER   3 09 tue tuesday   Tuesday   one thousand nine hundred eighty-one-06-09 00:00:00        
      7566 JONES      MANAGER   5 02 thu thursday  Thursday  one thousand nine hundred eighty-one-04-02 00:00:00        
      7654 MARTIN     SALESMAN  2 28 mon monday    Monday    one thousand nine hundred eighty-one-09-28 00:00:00        
      7499 ALLEN      SALESMAN  6 20 fri friday    Friday    one thousand nine hundred eighty-one-02-20 00:00:00        
      7844 TURNER     SALESMAN  3 08 tue tuesday   Tuesday   one thousand nine hundred eighty-one-09-08 00:00:00        
      7900 JAMES      CLERK     5 03 thu thursday  Thursday  one thousand nine hundred eighty-one-12-03 00:00:00        
      7521 WARD       SALESMAN  1 22 sun sunday    Sunday    one thousand nine hundred eighty-one-02-22 00:00:00        
      7902 FORD       ANALYST   5 03 thu thursday  Thursday  one thousand nine hundred eighty-one-12-03 00:00:00        
      7369 SMITH      CLERK     4 17 wed wednesday Wednesday one thousand nine hundred eighty-12-17 00:00:00            

     EMPNO ENAME      JOB       TO_CHAR(HIREDATE,'DDDDYDAYDAYYYYYSP-MM-DDHH24:MI:SS')                                   
---------- ---------- --------- --------------------------------------------------------------------------------------  
      7788 SCOTT      ANALYST   5 09 thu thursday  Thursday  one thousand nine hundred eighty-two-12-09 00:00:00        
      7876 ADAMS      CLERK     4 12 wed wednesday Wednesday one thousand nine hundred eighty-three-01-12 00:00:00      
      7934 MILLER     CLERK     7 23 sat saturday  Saturday  one thousand nine hundred eighty-two-01-23 00:00:00        

14 rows selected.

SQL> select empno,ename, job, to_char(hiredate,'d dd dy day Day yyyy-MM-dd HH24:MI:SS') from emp;

     EMPNO ENAME      JOB       TO_CHAR(HIREDATE,'DDDDYDAYDAYYYYY-MM-DDHH24:MI:S                                        
---------- ---------- --------- ------------------------------------------------                                        
      7839 KING       PRESIDENT 3 17 tue tuesday   Tuesday   1981-11-17 00:00:00                                        
      7698 BLAKE      MANAGER   6 01 fri friday    Friday    1981-05-01 00:00:00                                        
      7782 CLARK      MANAGER   3 09 tue tuesday   Tuesday   1981-06-09 00:00:00                                        
      7566 JONES      MANAGER   5 02 thu thursday  Thursday  1981-04-02 00:00:00                                        
      7654 MARTIN     SALESMAN  2 28 mon monday    Monday    1981-09-28 00:00:00                                        
      7499 ALLEN      SALESMAN  6 20 fri friday    Friday    1981-02-20 00:00:00                                        
      7844 TURNER     SALESMAN  3 08 tue tuesday   Tuesday   1981-09-08 00:00:00                                        
      7900 JAMES      CLERK     5 03 thu thursday  Thursday  1981-12-03 00:00:00                                        
      7521 WARD       SALESMAN  1 22 sun sunday    Sunday    1981-02-22 00:00:00                                        
      7902 FORD       ANALYST   5 03 thu thursday  Thursday  1981-12-03 00:00:00                                        
      7369 SMITH      CLERK     4 17 wed wednesday Wednesday 1980-12-17 00:00:00                                        

     EMPNO ENAME      JOB       TO_CHAR(HIREDATE,'DDDDYDAYDAYYYYY-MM-DDHH24:MI:S                                        
---------- ---------- --------- ------------------------------------------------                                        
      7788 SCOTT      ANALYST   5 09 thu thursday  Thursday  1982-12-09 00:00:00                                        
      7876 ADAMS      CLERK     4 12 wed wednesday Wednesday 1983-01-12 00:00:00                                        
      7934 MILLER     CLERK     7 23 sat saturday  Saturday  1982-01-23 00:00:00                                        

14 rows selected.

SQL> 
SQL> select empno,ename,sal, sal+100 from emp;

     EMPNO ENAME             SAL    SAL+100                                                                             
---------- ---------- ---------- ----------                                                                             
      7839 KING             5000       5100                                                                             
      7698 BLAKE            2850       2950                                                                             
      7782 CLARK            2450       2550                                                                             
      7566 JONES            2975       3075                                                                             
      7654 MARTIN           1250       1350                                                                             
      7499 ALLEN            1600       1700                                                                             
      7844 TURNER           1500       1600                                                                             
      7900 JAMES             950       1050                                                                             
      7521 WARD             1250       1350                                                                             
      7902 FORD             3000       3100                                                                             
      7369 SMITH             800        900                                                                             

     EMPNO ENAME             SAL    SAL+100                                                                             
---------- ---------- ---------- ----------                                                                             
      7788 SCOTT            3000       3100                                                                             
      7876 ADAMS            1100       1200                                                                             
      7934 MILLER           1300       1400                                                                             

14 rows selected.

SQL> select empno,ename,sal, sal+100 "newsal" from emp;

     EMPNO ENAME             SAL     newsal                                                                             
---------- ---------- ---------- ----------                                                                             
      7839 KING             5000       5100                                                                             
      7698 BLAKE            2850       2950                                                                             
      7782 CLARK            2450       2550                                                                             
      7566 JONES            2975       3075                                                                             
      7654 MARTIN           1250       1350                                                                             
      7499 ALLEN            1600       1700                                                                             
      7844 TURNER           1500       1600                                                                             
      7900 JAMES             950       1050                                                                             
      7521 WARD             1250       1350                                                                             
      7902 FORD             3000       3100                                                                             
      7369 SMITH             800        900                                                                             

     EMPNO ENAME             SAL     newsal                                                                             
---------- ---------- ---------- ----------                                                                             
      7788 SCOTT            3000       3100                                                                             
      7876 ADAMS            1100       1200                                                                             
      7934 MILLER           1300       1400                                                                             

14 rows selected.

SQL> select empno,ename, job, hiredate, to_char(hiredate,'d dd dy day Day yyyy-MM-dd HH24:MI:SS') "JOINING" from emp;

     EMPNO ENAME      JOB       HIREDATE  JOINING                                                                       
---------- ---------- --------- --------- ------------------------------------------------                              
      7839 KING       PRESIDENT 17-NOV-81 3 17 tue tuesday   Tuesday   1981-11-17 00:00:00                              
      7698 BLAKE      MANAGER   01-MAY-81 6 01 fri friday    Friday    1981-05-01 00:00:00                              
      7782 CLARK      MANAGER   09-JUN-81 3 09 tue tuesday   Tuesday   1981-06-09 00:00:00                              
      7566 JONES      MANAGER   02-APR-81 5 02 thu thursday  Thursday  1981-04-02 00:00:00                              
      7654 MARTIN     SALESMAN  28-SEP-81 2 28 mon monday    Monday    1981-09-28 00:00:00                              
      7499 ALLEN      SALESMAN  20-FEB-81 6 20 fri friday    Friday    1981-02-20 00:00:00                              
      7844 TURNER     SALESMAN  08-SEP-81 3 08 tue tuesday   Tuesday   1981-09-08 00:00:00                              
      7900 JAMES      CLERK     03-DEC-81 5 03 thu thursday  Thursday  1981-12-03 00:00:00                              
      7521 WARD       SALESMAN  22-FEB-81 1 22 sun sunday    Sunday    1981-02-22 00:00:00                              
      7902 FORD       ANALYST   03-DEC-81 5 03 thu thursday  Thursday  1981-12-03 00:00:00                              
      7369 SMITH      CLERK     17-DEC-80 4 17 wed wednesday Wednesday 1980-12-17 00:00:00                              

     EMPNO ENAME      JOB       HIREDATE  JOINING                                                                       
---------- ---------- --------- --------- ------------------------------------------------                              
      7788 SCOTT      ANALYST   09-DEC-82 5 09 thu thursday  Thursday  1982-12-09 00:00:00                              
      7876 ADAMS      CLERK     12-JAN-83 4 12 wed wednesday Wednesday 1983-01-12 00:00:00                              
      7934 MILLER     CLERK     23-JAN-82 7 23 sat saturday  Saturday  1982-01-23 00:00:00                              

14 rows selected.

SQL> select empno,ename,sal, sal+100 from emp;

     EMPNO ENAME             SAL    SAL+100                                                                             
---------- ---------- ---------- ----------                                                                             
      7839 KING             5000       5100                                                                             
      7698 BLAKE            2850       2950                                                                             
      7782 CLARK            2450       2550                                                                             
      7566 JONES            2975       3075                                                                             
      7654 MARTIN           1250       1350                                                                             
      7499 ALLEN            1600       1700                                                                             
      7844 TURNER           1500       1600                                                                             
      7900 JAMES             950       1050                                                                             
      7521 WARD             1250       1350                                                                             
      7902 FORD             3000       3100                                                                             
      7369 SMITH             800        900                                                                             

     EMPNO ENAME             SAL    SAL+100                                                                             
---------- ---------- ---------- ----------                                                                             
      7788 SCOTT            3000       3100                                                                             
      7876 ADAMS            1100       1200                                                                             
      7934 MILLER           1300       1400                                                                             

14 rows selected.

SQL> SELECT SAL FROM EMP;

       SAL                                                                                                              
----------                                                                                                              
      5000                                                                                                              
      2850                                                                                                              
      2450                                                                                                              
      2975                                                                                                              
      1250                                                                                                              
      1600                                                                                                              
      1500                                                                                                              
       950                                                                                                              
      1250                                                                                                              
      3000                                                                                                              
       800                                                                                                              

       SAL                                                                                                              
----------                                                                                                              
      3000                                                                                                              
      1100                                                                                                              
      1300                                                                                                              

14 rows selected.

SQL> SELECT TO_CHAR(HIREDATE,'YYYY') FROM EMP;

TO_C                                                                                                                    
----                                                                                                                    
1981                                                                                                                    
1981                                                                                                                    
1981                                                                                                                    
1981                                                                                                                    
1981                                                                                                                    
1981                                                                                                                    
1981                                                                                                                    
1981                                                                                                                    
1981                                                                                                                    
1981                                                                                                                    
1980                                                                                                                    

TO_C                                                                                                                    
----                                                                                                                    
1982                                                                                                                    
1983                                                                                                                    
1982                                                                                                                    

14 rows selected.

SQL> SELECT HIREDATE, TO_CHAR(HIREDATE,'YYYYSP') FROM EMP;

HIREDATE  TO_CHAR(HIREDATE,'YYYYSP')                                                                                    
--------- ------------------------------------------                                                                    
17-NOV-81 ONE THOUSAND NINE HUNDRED EIGHTY-ONE                                                                          
01-MAY-81 ONE THOUSAND NINE HUNDRED EIGHTY-ONE                                                                          
09-JUN-81 ONE THOUSAND NINE HUNDRED EIGHTY-ONE                                                                          
02-APR-81 ONE THOUSAND NINE HUNDRED EIGHTY-ONE                                                                          
28-SEP-81 ONE THOUSAND NINE HUNDRED EIGHTY-ONE                                                                          
20-FEB-81 ONE THOUSAND NINE HUNDRED EIGHTY-ONE                                                                          
08-SEP-81 ONE THOUSAND NINE HUNDRED EIGHTY-ONE                                                                          
03-DEC-81 ONE THOUSAND NINE HUNDRED EIGHTY-ONE                                                                          
22-FEB-81 ONE THOUSAND NINE HUNDRED EIGHTY-ONE                                                                          
03-DEC-81 ONE THOUSAND NINE HUNDRED EIGHTY-ONE                                                                          
17-DEC-80 ONE THOUSAND NINE HUNDRED EIGHTY                                                                              

HIREDATE  TO_CHAR(HIREDATE,'YYYYSP')                                                                                    
--------- ------------------------------------------                                                                    
09-DEC-82 ONE THOUSAND NINE HUNDRED EIGHTY-TWO                                                                          
12-JAN-83 ONE THOUSAND NINE HUNDRED EIGHTY-THREE                                                                        
23-JAN-82 ONE THOUSAND NINE HUNDRED EIGHTY-TWO                                                                          

14 rows selected.

SQL> SELECT * FROM EMP;

     EMPNO ENAME      JOB              MGR HIREDATE         SAL       COMM     DEPTNO                                   
---------- ---------- --------- ---------- --------- ---------- ---------- ----------                                   
      7839 KING       PRESIDENT            17-NOV-81       5000                    10                                   
      7698 BLAKE      MANAGER         7839 01-MAY-81       2850                    30                                   
      7782 CLARK      MANAGER         7839 09-JUN-81       2450                    10                                   
      7566 JONES      MANAGER         7839 02-APR-81       2975                    20                                   
      7654 MARTIN     SALESMAN        7698 28-SEP-81       1250       1400         30                                   
      7499 ALLEN      SALESMAN        7698 20-FEB-81       1600        300         30                                   
      7844 TURNER     SALESMAN        7698 08-SEP-81       1500          0         30                                   
      7900 JAMES      CLERK           7698 03-DEC-81        950                    30                                   
      7521 WARD       SALESMAN        7698 22-FEB-81       1250        500         30                                   
      7902 FORD       ANALYST         7566 03-DEC-81       3000                    20                                   
      7369 SMITH      CLERK           7902 17-DEC-80        800                    20                                   

     EMPNO ENAME      JOB              MGR HIREDATE         SAL       COMM     DEPTNO                                   
---------- ---------- --------- ---------- --------- ---------- ---------- ----------                                   
      7788 SCOTT      ANALYST         7566 09-DEC-82       3000                    20                                   
      7876 ADAMS      CLERK           7788 12-JAN-83       1100                    20                                   
      7934 MILLER     CLERK           7782 23-JAN-82       1300                    10                                   

14 rows selected.

SQL> SELECT * FROM EMP ORDER BY EMPNO;

     EMPNO ENAME      JOB              MGR HIREDATE         SAL       COMM     DEPTNO                                   
---------- ---------- --------- ---------- --------- ---------- ---------- ----------                                   
      7369 SMITH      CLERK           7902 17-DEC-80        800                    20                                   
      7499 ALLEN      SALESMAN        7698 20-FEB-81       1600        300         30                                   
      7521 WARD       SALESMAN        7698 22-FEB-81       1250        500         30                                   
      7566 JONES      MANAGER         7839 02-APR-81       2975                    20                                   
      7654 MARTIN     SALESMAN        7698 28-SEP-81       1250       1400         30                                   
      7698 BLAKE      MANAGER         7839 01-MAY-81       2850                    30                                   
      7782 CLARK      MANAGER         7839 09-JUN-81       2450                    10                                   
      7788 SCOTT      ANALYST         7566 09-DEC-82       3000                    20                                   
      7839 KING       PRESIDENT            17-NOV-81       5000                    10                                   
      7844 TURNER     SALESMAN        7698 08-SEP-81       1500          0         30                                   
      7876 ADAMS      CLERK           7788 12-JAN-83       1100                    20                                   

     EMPNO ENAME      JOB              MGR HIREDATE         SAL       COMM     DEPTNO                                   
---------- ---------- --------- ---------- --------- ---------- ---------- ----------                                   
      7900 JAMES      CLERK           7698 03-DEC-81        950                    30                                   
      7902 FORD       ANALYST         7566 03-DEC-81       3000                    20                                   
      7934 MILLER     CLERK           7782 23-JAN-82       1300                    10                                   

14 rows selected.

SQL> SELECT * FROM EMP ORDER BY ENAME;

     EMPNO ENAME      JOB              MGR HIREDATE         SAL       COMM     DEPTNO                                   
---------- ---------- --------- ---------- --------- ---------- ---------- ----------                                   
      7876 ADAMS      CLERK           7788 12-JAN-83       1100                    20                                   
      7499 ALLEN      SALESMAN        7698 20-FEB-81       1600        300         30                                   
      7698 BLAKE      MANAGER         7839 01-MAY-81       2850                    30                                   
      7782 CLARK      MANAGER         7839 09-JUN-81       2450                    10                                   
      7902 FORD       ANALYST         7566 03-DEC-81       3000                    20                                   
      7900 JAMES      CLERK           7698 03-DEC-81        950                    30                                   
      7566 JONES      MANAGER         7839 02-APR-81       2975                    20                                   
      7839 KING       PRESIDENT            17-NOV-81       5000                    10                                   
      7654 MARTIN     SALESMAN        7698 28-SEP-81       1250       1400         30                                   
      7934 MILLER     CLERK           7782 23-JAN-82       1300                    10                                   
      7788 SCOTT      ANALYST         7566 09-DEC-82       3000                    20                                   

     EMPNO ENAME      JOB              MGR HIREDATE         SAL       COMM     DEPTNO                                   
---------- ---------- --------- ---------- --------- ---------- ---------- ----------                                   
      7369 SMITH      CLERK           7902 17-DEC-80        800                    20                                   
      7844 TURNER     SALESMAN        7698 08-SEP-81       1500          0         30                                   
      7521 WARD       SALESMAN        7698 22-FEB-81       1250        500         30                                   

14 rows selected.

SQL> SELECT * FROM EMP ORDER BY JOB;

     EMPNO ENAME      JOB              MGR HIREDATE         SAL       COMM     DEPTNO                                   
---------- ---------- --------- ---------- --------- ---------- ---------- ----------                                   
      7902 FORD       ANALYST         7566 03-DEC-81       3000                    20                                   
      7788 SCOTT      ANALYST         7566 09-DEC-82       3000                    20                                   
      7369 SMITH      CLERK           7902 17-DEC-80        800                    20                                   
      7934 MILLER     CLERK           7782 23-JAN-82       1300                    10                                   
      7900 JAMES      CLERK           7698 03-DEC-81        950                    30                                   
      7876 ADAMS      CLERK           7788 12-JAN-83       1100                    20                                   
      7566 JONES      MANAGER         7839 02-APR-81       2975                    20                                   
      7782 CLARK      MANAGER         7839 09-JUN-81       2450                    10                                   
      7698 BLAKE      MANAGER         7839 01-MAY-81       2850                    30                                   
      7839 KING       PRESIDENT            17-NOV-81       5000                    10                                   
      7521 WARD       SALESMAN        7698 22-FEB-81       1250        500         30                                   

     EMPNO ENAME      JOB              MGR HIREDATE         SAL       COMM     DEPTNO                                   
---------- ---------- --------- ---------- --------- ---------- ---------- ----------                                   
      7499 ALLEN      SALESMAN        7698 20-FEB-81       1600        300         30                                   
      7654 MARTIN     SALESMAN        7698 28-SEP-81       1250       1400         30                                   
      7844 TURNER     SALESMAN        7698 08-SEP-81       1500          0         30                                   

14 rows selected.

SQL> SELECT * FROM EMP ORDER BY HIREDATE;

     EMPNO ENAME      JOB              MGR HIREDATE         SAL       COMM     DEPTNO                                   
---------- ---------- --------- ---------- --------- ---------- ---------- ----------                                   
      7369 SMITH      CLERK           7902 17-DEC-80        800                    20                                   
      7499 ALLEN      SALESMAN        7698 20-FEB-81       1600        300         30                                   
      7521 WARD       SALESMAN        7698 22-FEB-81       1250        500         30                                   
      7566 JONES      MANAGER         7839 02-APR-81       2975                    20                                   
      7698 BLAKE      MANAGER         7839 01-MAY-81       2850                    30                                   
      7782 CLARK      MANAGER         7839 09-JUN-81       2450                    10                                   
      7844 TURNER     SALESMAN        7698 08-SEP-81       1500          0         30                                   
      7654 MARTIN     SALESMAN        7698 28-SEP-81       1250       1400         30                                   
      7839 KING       PRESIDENT            17-NOV-81       5000                    10                                   
      7900 JAMES      CLERK           7698 03-DEC-81        950                    30                                   
      7902 FORD       ANALYST         7566 03-DEC-81       3000                    20                                   

     EMPNO ENAME      JOB              MGR HIREDATE         SAL       COMM     DEPTNO                                   
---------- ---------- --------- ---------- --------- ---------- ---------- ----------                                   
      7934 MILLER     CLERK           7782 23-JAN-82       1300                    10                                   
      7788 SCOTT      ANALYST         7566 09-DEC-82       3000                    20                                   
      7876 ADAMS      CLERK           7788 12-JAN-83       1100                    20                                   

14 rows selected.

SQL> SELECT * FROM EMP ORDER BY DEPTNO;

     EMPNO ENAME      JOB              MGR HIREDATE         SAL       COMM     DEPTNO                                   
---------- ---------- --------- ---------- --------- ---------- ---------- ----------                                   
      7839 KING       PRESIDENT            17-NOV-81       5000                    10                                   
      7782 CLARK      MANAGER         7839 09-JUN-81       2450                    10                                   
      7934 MILLER     CLERK           7782 23-JAN-82       1300                    10                                   
      7876 ADAMS      CLERK           7788 12-JAN-83       1100                    20                                   
      7788 SCOTT      ANALYST         7566 09-DEC-82       3000                    20                                   
      7369 SMITH      CLERK           7902 17-DEC-80        800                    20                                   
      7902 FORD       ANALYST         7566 03-DEC-81       3000                    20                                   
      7566 JONES      MANAGER         7839 02-APR-81       2975                    20                                   
      7521 WARD       SALESMAN        7698 22-FEB-81       1250        500         30                                   
      7900 JAMES      CLERK           7698 03-DEC-81        950                    30                                   
      7499 ALLEN      SALESMAN        7698 20-FEB-81       1600        300         30                                   

     EMPNO ENAME      JOB              MGR HIREDATE         SAL       COMM     DEPTNO                                   
---------- ---------- --------- ---------- --------- ---------- ---------- ----------                                   
      7654 MARTIN     SALESMAN        7698 28-SEP-81       1250       1400         30                                   
      7698 BLAKE      MANAGER         7839 01-MAY-81       2850                    30                                   
      7844 TURNER     SALESMAN        7698 08-SEP-81       1500          0         30                                   

14 rows selected.

SQL> SELECT * FROM EMP ORDER BY DEPTNO DESC;

     EMPNO ENAME      JOB              MGR HIREDATE         SAL       COMM     DEPTNO                                   
---------- ---------- --------- ---------- --------- ---------- ---------- ----------                                   
      7844 TURNER     SALESMAN        7698 08-SEP-81       1500          0         30                                   
      7521 WARD       SALESMAN        7698 22-FEB-81       1250        500         30                                   
      7900 JAMES      CLERK           7698 03-DEC-81        950                    30                                   
      7499 ALLEN      SALESMAN        7698 20-FEB-81       1600        300         30                                   
      7654 MARTIN     SALESMAN        7698 28-SEP-81       1250       1400         30                                   
      7698 BLAKE      MANAGER         7839 01-MAY-81       2850                    30                                   
      7788 SCOTT      ANALYST         7566 09-DEC-82       3000                    20                                   
      7369 SMITH      CLERK           7902 17-DEC-80        800                    20                                   
      7902 FORD       ANALYST         7566 03-DEC-81       3000                    20                                   
      7566 JONES      MANAGER         7839 02-APR-81       2975                    20                                   
      7876 ADAMS      CLERK           7788 12-JAN-83       1100                    20                                   

     EMPNO ENAME      JOB              MGR HIREDATE         SAL       COMM     DEPTNO                                   
---------- ---------- --------- ---------- --------- ---------- ---------- ----------                                   
      7934 MILLER     CLERK           7782 23-JAN-82       1300                    10                                   
      7782 CLARK      MANAGER         7839 09-JUN-81       2450                    10                                   
      7839 KING       PRESIDENT            17-NOV-81       5000                    10                                   

14 rows selected.

SQL> SELECT * FROM EMP ORDER BY DEPTNO,JOB;

     EMPNO ENAME      JOB              MGR HIREDATE         SAL       COMM     DEPTNO                                   
---------- ---------- --------- ---------- --------- ---------- ---------- ----------                                   
      7934 MILLER     CLERK           7782 23-JAN-82       1300                    10                                   
      7782 CLARK      MANAGER         7839 09-JUN-81       2450                    10                                   
      7839 KING       PRESIDENT            17-NOV-81       5000                    10                                   
      7902 FORD       ANALYST         7566 03-DEC-81       3000                    20                                   
      7788 SCOTT      ANALYST         7566 09-DEC-82       3000                    20                                   
      7876 ADAMS      CLERK           7788 12-JAN-83       1100                    20                                   
      7369 SMITH      CLERK           7902 17-DEC-80        800                    20                                   
      7566 JONES      MANAGER         7839 02-APR-81       2975                    20                                   
      7900 JAMES      CLERK           7698 03-DEC-81        950                    30                                   
      7698 BLAKE      MANAGER         7839 01-MAY-81       2850                    30                                   
      7521 WARD       SALESMAN        7698 22-FEB-81       1250        500         30                                   

     EMPNO ENAME      JOB              MGR HIREDATE         SAL       COMM     DEPTNO                                   
---------- ---------- --------- ---------- --------- ---------- ---------- ----------                                   
      7499 ALLEN      SALESMAN        7698 20-FEB-81       1600        300         30                                   
      7654 MARTIN     SALESMAN        7698 28-SEP-81       1250       1400         30                                   
      7844 TURNER     SALESMAN        7698 08-SEP-81       1500          0         30                                   

14 rows selected.

SQL> SELECT * FROM EMP ORDER BY DEPTNO DESC,JOB DESC;

     EMPNO ENAME      JOB              MGR HIREDATE         SAL       COMM     DEPTNO                                   
---------- ---------- --------- ---------- --------- ---------- ---------- ----------                                   
      7844 TURNER     SALESMAN        7698 08-SEP-81       1500          0         30                                   
      7521 WARD       SALESMAN        7698 22-FEB-81       1250        500         30                                   
      7499 ALLEN      SALESMAN        7698 20-FEB-81       1600        300         30                                   
      7654 MARTIN     SALESMAN        7698 28-SEP-81       1250       1400         30                                   
      7698 BLAKE      MANAGER         7839 01-MAY-81       2850                    30                                   
      7900 JAMES      CLERK           7698 03-DEC-81        950                    30                                   
      7566 JONES      MANAGER         7839 02-APR-81       2975                    20                                   
      7369 SMITH      CLERK           7902 17-DEC-80        800                    20                                   
      7876 ADAMS      CLERK           7788 12-JAN-83       1100                    20                                   
      7902 FORD       ANALYST         7566 03-DEC-81       3000                    20                                   
      7788 SCOTT      ANALYST         7566 09-DEC-82       3000                    20                                   

     EMPNO ENAME      JOB              MGR HIREDATE         SAL       COMM     DEPTNO                                   
---------- ---------- --------- ---------- --------- ---------- ---------- ----------                                   
      7839 KING       PRESIDENT            17-NOV-81       5000                    10                                   
      7782 CLARK      MANAGER         7839 09-JUN-81       2450                    10                                   
      7934 MILLER     CLERK           7782 23-JAN-82       1300                    10                                   

14 rows selected.

SQL> SELECT * FROM EMP ORDER BY DEPTNO,JOB DESC;

     EMPNO ENAME      JOB              MGR HIREDATE         SAL       COMM     DEPTNO                                   
---------- ---------- --------- ---------- --------- ---------- ---------- ----------                                   
      7839 KING       PRESIDENT            17-NOV-81       5000                    10                                   
      7782 CLARK      MANAGER         7839 09-JUN-81       2450                    10                                   
      7934 MILLER     CLERK           7782 23-JAN-82       1300                    10                                   
      7566 JONES      MANAGER         7839 02-APR-81       2975                    20                                   
      7369 SMITH      CLERK           7902 17-DEC-80        800                    20                                   
      7876 ADAMS      CLERK           7788 12-JAN-83       1100                    20                                   
      7902 FORD       ANALYST         7566 03-DEC-81       3000                    20                                   
      7788 SCOTT      ANALYST         7566 09-DEC-82       3000                    20                                   
      7521 WARD       SALESMAN        7698 22-FEB-81       1250        500         30                                   
      7499 ALLEN      SALESMAN        7698 20-FEB-81       1600        300         30                                   
      7654 MARTIN     SALESMAN        7698 28-SEP-81       1250       1400         30                                   

     EMPNO ENAME      JOB              MGR HIREDATE         SAL       COMM     DEPTNO                                   
---------- ---------- --------- ---------- --------- ---------- ---------- ----------                                   
      7844 TURNER     SALESMAN        7698 08-SEP-81       1500          0         30                                   
      7698 BLAKE      MANAGER         7839 01-MAY-81       2850                    30                                   
      7900 JAMES      CLERK           7698 03-DEC-81        950                    30                                   

14 rows selected.

SQL> SELECT * FROM EMP WHERE HIREDATE='FEB';
SELECT * FROM EMP WHERE HIREDATE='FEB'
                                 *
ERROR at line 1:
ORA-01858: a non-numeric character was found where a numeric was expected 


SQL> SELECT * FROM EMP WHERE TO_CHAR(HIREDATE,'MON')='FEB';

     EMPNO ENAME      JOB              MGR HIREDATE         SAL       COMM     DEPTNO                                   
---------- ---------- --------- ---------- --------- ---------- ---------- ----------                                   
      7499 ALLEN      SALESMAN        7698 20-FEB-81       1600        300         30                                   
      7521 WARD       SALESMAN        7698 22-FEB-81       1250        500         30                                   

SQL> SELECT HIREDATE, TO_CHAR(HIREDATE,'MON') FROM EMP;

HIREDATE  TO_                                                                                                           
--------- ---                                                                                                           
17-NOV-81 NOV                                                                                                           
01-MAY-81 MAY                                                                                                           
09-JUN-81 JUN                                                                                                           
02-APR-81 APR                                                                                                           
28-SEP-81 SEP                                                                                                           
20-FEB-81 FEB                                                                                                           
08-SEP-81 SEP                                                                                                           
03-DEC-81 DEC                                                                                                           
22-FEB-81 FEB                                                                                                           
03-DEC-81 DEC                                                                                                           
17-DEC-80 DEC                                                                                                           

HIREDATE  TO_                                                                                                           
--------- ---                                                                                                           
09-DEC-82 DEC                                                                                                           
12-JAN-83 JAN                                                                                                           
23-JAN-82 JAN                                                                                                           

14 rows selected.

SQL> SELECT * FROM EMP WHERE TO_CHAR(HIREDATE,'MON')='FEB';

     EMPNO ENAME      JOB              MGR HIREDATE         SAL       COMM     DEPTNO                                   
---------- ---------- --------- ---------- --------- ---------- ---------- ----------                                   
      7499 ALLEN      SALESMAN        7698 20-FEB-81       1600        300         30                                   
      7521 WARD       SALESMAN        7698 22-FEB-81       1250        500         30                                   

SQL> SELECT * FROM EMP WHERE TO_CHAR(HIREDATE,'Month')='February';

no rows selected

SQL> SELECT TO_CHAR(HIREDATE,'Month') from emp;

TO_CHAR(H                                                                                                               
---------                                                                                                               
November                                                                                                                
May                                                                                                                     
June                                                                                                                    
April                                                                                                                   
September                                                                                                               
February                                                                                                                
September                                                                                                               
December                                                                                                                
February                                                                                                                
December                                                                                                                
December                                                                                                                

TO_CHAR(H                                                                                                               
---------                                                                                                               
December                                                                                                                
January                                                                                                                 
January                                                                                                                 

14 rows selected.

SQL> SELECT TO_CHAR(HIREDATE,'Month') from emp;

TO_CHAR(H                                                                                                               
---------                                                                                                               
November                                                                                                                
May                                                                                                                     
June                                                                                                                    
April                                                                                                                   
September                                                                                                               
February                                                                                                                
September                                                                                                               
December                                                                                                                
February                                                                                                                
December                                                                                                                
December                                                                                                                

TO_CHAR(H                                                                                                               
---------                                                                                                               
December                                                                                                                
January                                                                                                                 
January                                                                                                                 

14 rows selected.

SQL> SELECT * from emp where TO_CHAR(HIREDATE,'Month')='February';

no rows selected

SQL> SELECT * from emp where TO_CHAR(HIREDATE,'Month')=('February');

no rows selected

SQL> SELECT * from emp where TO_CHAR(HIREDATE,'Month'='February');
SELECT * from emp where TO_CHAR(HIREDATE,'Month'='February')
                                                *
ERROR at line 1:
ORA-00907: missing right parenthesis 


SQL> SELECT * from emp where TO_CHAR(HIREDATE,'Mon')='Feb';

     EMPNO ENAME      JOB              MGR HIREDATE         SAL       COMM     DEPTNO                                   
---------- ---------- --------- ---------- --------- ---------- ---------- ----------                                   
      7499 ALLEN      SALESMAN        7698 20-FEB-81       1600        300         30                                   
      7521 WARD       SALESMAN        7698 22-FEB-81       1250        500         30                                   

SQL> SELECT * from emp where TO_CHAR(HIREDATE,'Month') like 'February';

no rows selected

SQL> SELECT * from emp where TO_CHAR(HIREDATE,'Month') like '%February%';

     EMPNO ENAME      JOB              MGR HIREDATE         SAL       COMM     DEPTNO                                   
---------- ---------- --------- ---------- --------- ---------- ---------- ----------                                   
      7499 ALLEN      SALESMAN        7698 20-FEB-81       1600        300         30                                   
      7521 WARD       SALESMAN        7698 22-FEB-81       1250        500         30                                   

SQL> SELECT * from emp where HIREDATE like '%February%';

no rows selected

SQL> SELECT * from emp where HIREDATE like '%Feb%';

no rows selected

SQL> SELECT * from emp where HIREDATE like '%FEB%';

     EMPNO ENAME      JOB              MGR HIREDATE         SAL       COMM     DEPTNO                                   
---------- ---------- --------- ---------- --------- ---------- ---------- ----------                                   
      7499 ALLEN      SALESMAN        7698 20-FEB-81       1600        300         30                                   
      7521 WARD       SALESMAN        7698 22-FEB-81       1250        500         30                                   

SQL> SELECT  TO_CHAR(HIREDATE,'Month') FROM EMP;

TO_CHAR(H                                                                                                               
---------                                                                                                               
November                                                                                                                
May                                                                                                                     
June                                                                                                                    
April                                                                                                                   
September                                                                                                               
February                                                                                                                
September                                                                                                               
December                                                                                                                
February                                                                                                                
December                                                                                                                
December                                                                                                                

TO_CHAR(H                                                                                                               
---------                                                                                                               
December                                                                                                                
January                                                                                                                 
January                                                                                                                 

14 rows selected.

SQL> SELECT  TO_CHAR(HIREDATE,'Mm') FROM EMP;

TO                                                                                                                      
--                                                                                                                      
11                                                                                                                      
05                                                                                                                      
06                                                                                                                      
04                                                                                                                      
09                                                                                                                      
02                                                                                                                      
09                                                                                                                      
12                                                                                                                      
02                                                                                                                      
12                                                                                                                      
12                                                                                                                      

TO                                                                                                                      
--                                                                                                                      
12                                                                                                                      
01                                                                                                                      
01                                                                                                                      

14 rows selected.

SQL> SELECT  TO_CHAR(HIREDATE,'MM') FROM EMP;

TO                                                                                                                      
--                                                                                                                      
11                                                                                                                      
05                                                                                                                      
06                                                                                                                      
04                                                                                                                      
09                                                                                                                      
02                                                                                                                      
09                                                                                                                      
12                                                                                                                      
02                                                                                                                      
12                                                                                                                      
12                                                                                                                      

TO                                                                                                                      
--                                                                                                                      
12                                                                                                                      
01                                                                                                                      
01                                                                                                                      

14 rows selected.

SQL> SELECT  TO_CHAR(HIREDATE,'Month') FROM EMP;

TO_CHAR(H                                                                                                               
---------                                                                                                               
November                                                                                                                
May                                                                                                                     
June                                                                                                                    
April                                                                                                                   
September                                                                                                               
February                                                                                                                
September                                                                                                               
December                                                                                                                
February                                                                                                                
December                                                                                                                
December                                                                                                                

TO_CHAR(H                                                                                                               
---------                                                                                                               
December                                                                                                                
January                                                                                                                 
January                                                                                                                 

14 rows selected.

SQL> SELECT  TO_CHAR(HIREDATE,'Mon') FROM EMP;

TO_                                                                                                                     
---                                                                                                                     
Nov                                                                                                                     
May                                                                                                                     
Jun                                                                                                                     
Apr                                                                                                                     
Sep                                                                                                                     
Feb                                                                                                                     
Sep                                                                                                                     
Dec                                                                                                                     
Feb                                                                                                                     
Dec                                                                                                                     
Dec                                                                                                                     

TO_                                                                                                                     
---                                                                                                                     
Dec                                                                                                                     
Jan                                                                                                                     
Jan                                                                                                                     

14 rows selected.

SQL> SELECT  TO_CHAR(HIREDATE,'Mon'), to_char(hiredate,'YYYY') FROM EMP;

TO_ TO_C                                                                                                                
--- ----                                                                                                                
Nov 1981                                                                                                                
May 1981                                                                                                                
Jun 1981                                                                                                                
Apr 1981                                                                                                                
Sep 1981                                                                                                                
Feb 1981                                                                                                                
Sep 1981                                                                                                                
Dec 1981                                                                                                                
Feb 1981                                                                                                                
Dec 1981                                                                                                                
Dec 1980                                                                                                                

TO_ TO_C                                                                                                                
--- ----                                                                                                                
Dec 1982                                                                                                                
Jan 1983                                                                                                                
Jan 1982                                                                                                                

14 rows selected.

SQL> SELECT  TO_CHAR(HIREDATE,'Month'), to_char(hiredate,'YYYY') FROM EMP;

TO_CHAR(H TO_C                                                                                                          
--------- ----                                                                                                          
November  1981                                                                                                          
May       1981                                                                                                          
June      1981                                                                                                          
April     1981                                                                                                          
September 1981                                                                                                          
February  1981                                                                                                          
September 1981                                                                                                          
December  1981                                                                                                          
February  1981                                                                                                          
December  1981                                                                                                          
December  1980                                                                                                          

TO_CHAR(H TO_C                                                                                                          
--------- ----                                                                                                          
December  1982                                                                                                          
January   1983                                                                                                          
January   1982                                                                                                          

14 rows selected.

SQL> SELECT * from emp where TO_CHAR(HIREDATE,'Mon')='Feb';

     EMPNO ENAME      JOB              MGR HIREDATE         SAL       COMM     DEPTNO                                   
---------- ---------- --------- ---------- --------- ---------- ---------- ----------                                   
      7499 ALLEN      SALESMAN        7698 20-FEB-81       1600        300         30                                   
      7521 WARD       SALESMAN        7698 22-FEB-81       1250        500         30                                   

SQL> SELECT * from emp where TO_CHAR(HIREDATE,'Month')='February';

no rows selected

SQL> SELECT * from emp where TO_CHAR(HIREDATE,'Month')='February ';

     EMPNO ENAME      JOB              MGR HIREDATE         SAL       COMM     DEPTNO                                   
---------- ---------- --------- ---------- --------- ---------- ---------- ----------                                   
      7499 ALLEN      SALESMAN        7698 20-FEB-81       1600        300         30                                   
      7521 WARD       SALESMAN        7698 22-FEB-81       1250        500         30                                   

SQL> SELECT to_char(hiredate,'Month') from emp;

TO_CHAR(H                                                                                                               
---------                                                                                                               
November                                                                                                                
May                                                                                                                     
June                                                                                                                    
April                                                                                                                   
September                                                                                                               
February                                                                                                                
September                                                                                                               
December                                                                                                                
February                                                                                                                
December                                                                                                                
December                                                                                                                

TO_CHAR(H                                                                                                               
---------                                                                                                               
December                                                                                                                
January                                                                                                                 
January                                                                                                                 

14 rows selected.

SQL> SELECT to_char(hiredate,'Month')||' is the hiredate' from emp;

TO_CHAR(HIREDATE,'MONTH')                                                                                               
-------------------------                                                                                               
November  is the hiredate                                                                                               
May       is the hiredate                                                                                               
June      is the hiredate                                                                                               
April     is the hiredate                                                                                               
September is the hiredate                                                                                               
February  is the hiredate                                                                                               
September is the hiredate                                                                                               
December  is the hiredate                                                                                               
February  is the hiredate                                                                                               
December  is the hiredate                                                                                               
December  is the hiredate                                                                                               

TO_CHAR(HIREDATE,'MONTH')                                                                                               
-------------------------                                                                                               
December  is the hiredate                                                                                               
January   is the hiredate                                                                                               
January   is the hiredate                                                                                               

14 rows selected.

SQL> select 'vishal' || 'is' || 'learning' from dummy;

'VISHAL'||'IS'||                                                                                                        
----------------                                                                                                        
vishalislearning                                                                                                        

SQL> select 'vishal  ' || 'is   ' || 'learning   ' from dummy;

'VISHAL'||'IS'||'LEARNIN                                                                                                
------------------------                                                                                                
vishal  is   learning                                                                                                   

SQL> select '  vishal     ' || '  is     ' || '  learning     ' from dummy;

'VISHAL'||'IS'||'LEARNING'                                                                                              
-------------------------------------                                                                                   
  vishal       is       learning                                                                                        

SQL> select rtrim('  vishal     ') || rtrim('  is     ') || rtrim('  learning     ') from dummy;

RTRIM('VISHAL')||RTRIM                                                                                                  
----------------------                                                                                                  
  vishal  is  learning                                                                                                  

SQL> select ltrim('  vishal     ') || ltrim('  is     ') || ltrim('  learning     ') from dummy;

LTRIM('VISHAL')||LTRIM('IS')||L                                                                                         
-------------------------------                                                                                         
vishal     is     learning                                                                                              

SQL> select trim('  vishal     ') || trim('  is     ') || trim('  learning     ') from dummy;

TRIM('VISHAL')||                                                                                                        
----------------                                                                                                        
vishalislearning                                                                                                        

SQL> SELECT * from emp where TO_CHAR(HIREDATE,'Month')='February';

no rows selected

SQL> SELECT * from emp where TO_CHAR(HIREDATE,'Month')='February ';

     EMPNO ENAME      JOB              MGR HIREDATE         SAL       COMM     DEPTNO                                   
---------- ---------- --------- ---------- --------- ---------- ---------- ----------                                   
      7499 ALLEN      SALESMAN        7698 20-FEB-81       1600        300         30                                   
      7521 WARD       SALESMAN        7698 22-FEB-81       1250        500         30                                   

SQL> SELECT * from emp where TO_CHAR(HIREDATE,'Month')='May';

no rows selected

SQL> SELECT * from emp where TO_CHAR(HIREDATE,'Month')='May ';

no rows selected

SQL> SELECT * from emp where TO_CHAR(HIREDATE,'Month')='May  ';

no rows selected

SQL> SELECT * from emp where TO_CHAR(HIREDATE,'Month')='May   ';

no rows selected

SQL> SELECT * from emp where TO_CHAR(HIREDATE,'Month')='May    ';

no rows selected

SQL> SELECT * from emp where TO_CHAR(HIREDATE,'Month')='May     ';

no rows selected

SQL> SELECT * from emp where TO_CHAR(HIREDATE,'Month')='May      ';

     EMPNO ENAME      JOB              MGR HIREDATE         SAL       COMM     DEPTNO                                   
---------- ---------- --------- ---------- --------- ---------- ---------- ----------                                   
      7698 BLAKE      MANAGER         7839 01-MAY-81       2850                    30                                   

SQL> SELECT * from emp where trim(TO_CHAR(HIREDATE,'Month'))='May';

     EMPNO ENAME      JOB              MGR HIREDATE         SAL       COMM     DEPTNO                                   
---------- ---------- --------- ---------- --------- ---------- ---------- ----------                                   
      7698 BLAKE      MANAGER         7839 01-MAY-81       2850                    30                                   

SQL> select * from emp;

     EMPNO ENAME      JOB              MGR HIREDATE         SAL       COMM     DEPTNO                                   
---------- ---------- --------- ---------- --------- ---------- ---------- ----------                                   
      7839 KING       PRESIDENT            17-NOV-81       5000                    10                                   
      7698 BLAKE      MANAGER         7839 01-MAY-81       2850                    30                                   
      7782 CLARK      MANAGER         7839 09-JUN-81       2450                    10                                   
      7566 JONES      MANAGER         7839 02-APR-81       2975                    20                                   
      7654 MARTIN     SALESMAN        7698 28-SEP-81       1250       1400         30                                   
      7499 ALLEN      SALESMAN        7698 20-FEB-81       1600        300         30                                   
      7844 TURNER     SALESMAN        7698 08-SEP-81       1500          0         30                                   
      7900 JAMES      CLERK           7698 03-DEC-81        950                    30                                   
      7521 WARD       SALESMAN        7698 22-FEB-81       1250        500         30                                   
      7902 FORD       ANALYST         7566 03-DEC-81       3000                    20                                   
      7369 SMITH      CLERK           7902 17-DEC-80        800                    20                                   

     EMPNO ENAME      JOB              MGR HIREDATE         SAL       COMM     DEPTNO                                   
---------- ---------- --------- ---------- --------- ---------- ---------- ----------                                   
      7788 SCOTT      ANALYST         7566 09-DEC-82       3000                    20                                   
      7876 ADAMS      CLERK           7788 12-JAN-83       1100                    20                                   
      7934 MILLER     CLERK           7782 23-JAN-82       1300                    10                                   

14 rows selected.

SQL> select * from emp order by job;

     EMPNO ENAME      JOB              MGR HIREDATE         SAL       COMM     DEPTNO                                   
---------- ---------- --------- ---------- --------- ---------- ---------- ----------                                   
      7902 FORD       ANALYST         7566 03-DEC-81       3000                    20                                   
      7788 SCOTT      ANALYST         7566 09-DEC-82       3000                    20                                   
      7369 SMITH      CLERK           7902 17-DEC-80        800                    20                                   
      7934 MILLER     CLERK           7782 23-JAN-82       1300                    10                                   
      7900 JAMES      CLERK           7698 03-DEC-81        950                    30                                   
      7876 ADAMS      CLERK           7788 12-JAN-83       1100                    20                                   
      7566 JONES      MANAGER         7839 02-APR-81       2975                    20                                   
      7782 CLARK      MANAGER         7839 09-JUN-81       2450                    10                                   
      7698 BLAKE      MANAGER         7839 01-MAY-81       2850                    30                                   
      7839 KING       PRESIDENT            17-NOV-81       5000                    10                                   
      7521 WARD       SALESMAN        7698 22-FEB-81       1250        500         30                                   

     EMPNO ENAME      JOB              MGR HIREDATE         SAL       COMM     DEPTNO                                   
---------- ---------- --------- ---------- --------- ---------- ---------- ----------                                   
      7499 ALLEN      SALESMAN        7698 20-FEB-81       1600        300         30                                   
      7654 MARTIN     SALESMAN        7698 28-SEP-81       1250       1400         30                                   
      7844 TURNER     SALESMAN        7698 08-SEP-81       1500          0         30                                   

14 rows selected.

SQL> select sum(sal) from emp;

  SUM(SAL)                                                                                                              
----------                                                                                                              
     29025                                                                                                              

SQL> select sum(sal) from emp where job='SALESMAN';

  SUM(SAL)                                                                                                              
----------                                                                                                              
      5600                                                                                                              

SQL> select sum(sal),job from emp;
select sum(sal),job from emp
                *
ERROR at line 1:
ORA-00937: not a single-group group function 


SQL> select sum(sal),job from emp group by job;

  SUM(SAL) JOB                                                                                                          
---------- ---------                                                                                                    
      5600 SALESMAN                                                                                                     
      4150 CLERK                                                                                                        
      5000 PRESIDENT                                                                                                    
      8275 MANAGER                                                                                                      
      6000 ANALYST                                                                                                      

SQL> select job,sum(sal) from emp group by job;

JOB         SUM(SAL)                                                                                                    
--------- ----------                                                                                                    
SALESMAN        5600                                                                                                    
CLERK           4150                                                                                                    
PRESIDENT       5000                                                                                                    
MANAGER         8275                                                                                                    
ANALYST         6000                                                                                                    

SQL> select sum(sal) from emp group by job;

  SUM(SAL)                                                                                                              
----------                                                                                                              
      5600                                                                                                              
      4150                                                                                                              
      5000                                                                                                              
      8275                                                                                                              
      6000                                                                                                              

SQL> select sum(sal) from emp where job in ('SALESMAN','CLERK') group by job;

  SUM(SAL)                                                                                                              
----------                                                                                                              
      5600                                                                                                              
      4150                                                                                                              

SQL> select job,sum(sal) from emp where job in ('SALESMAN','CLERK') group by job;

JOB         SUM(SAL)                                                                                                    
--------- ----------                                                                                                    
SALESMAN        5600                                                                                                    
CLERK           4150                                                                                                    

SQL> select deptno,job,sum(sal) from emp where job in ('SALESMAN','CLERK') group by job;
select deptno,job,sum(sal) from emp where job in ('SALESMAN','CLERK') group by job
       *
ERROR at line 1:
ORA-00979: not a GROUP BY expression 


SQL> select deptno,job,sum(sal) from emp where job in ('SALESMAN','CLERK') group by deptno,job;

    DEPTNO JOB         SUM(SAL)                                                                                         
---------- --------- ----------                                                                                         
        30 SALESMAN        5600                                                                                         
        30 CLERK            950                                                                                         
        20 CLERK           1900                                                                                         
        10 CLERK           1300                                                                                         

SQL> select deptno,job,sum(sal) from emp where job in ('SALESMAN','CLERK') group by deptno,job   order by deptno;

    DEPTNO JOB         SUM(SAL)                                                                                         
---------- --------- ----------                                                                                         
        10 CLERK           1300                                                                                         
        20 CLERK           1900                                                                                         
        30 CLERK            950                                                                                         
        30 SALESMAN        5600                                                                                         

SQL> select job,sum(sal) from emp group by deptno,job   order by deptno;

JOB         SUM(SAL)                                                                                                    
--------- ----------                                                                                                    
CLERK           1300                                                                                                    
MANAGER         2450                                                                                                    
PRESIDENT       5000                                                                                                    
ANALYST         6000                                                                                                    
CLERK           1900                                                                                                    
MANAGER         2975                                                                                                    
CLERK            950                                                                                                    
MANAGER         2850                                                                                                    
SALESMAN        5600                                                                                                    

9 rows selected.

SQL> select job,sum(sal) from emp group by job,deptno   order by deptno;

JOB         SUM(SAL)                                                                                                    
--------- ----------                                                                                                    
CLERK           1300                                                                                                    
MANAGER         2450                                                                                                    
PRESIDENT       5000                                                                                                    
ANALYST         6000                                                                                                    
CLERK           1900                                                                                                    
MANAGER         2975                                                                                                    
CLERK            950                                                                                                    
MANAGER         2850                                                                                                    
SALESMAN        5600                                                                                                    

9 rows selected.

SQL> select deptno,job,sum(sal) from emp group by job,deptno   order by deptno;

    DEPTNO JOB         SUM(SAL)                                                                                         
---------- --------- ----------                                                                                         
        10 CLERK           1300                                                                                         
        10 MANAGER         2450                                                                                         
        10 PRESIDENT       5000                                                                                         
        20 ANALYST         6000                                                                                         
        20 CLERK           1900                                                                                         
        20 MANAGER         2975                                                                                         
        30 CLERK            950                                                                                         
        30 MANAGER         2850                                                                                         
        30 SALESMAN        5600                                                                                         

9 rows selected.

SQL> select deptno,job,sum(sal) from emp group by job,deptno ;

    DEPTNO JOB         SUM(SAL)                                                                                         
---------- --------- ----------                                                                                         
        10 PRESIDENT       5000                                                                                         
        20 MANAGER         2975                                                                                         
        10 CLERK           1300                                                                                         
        30 SALESMAN        5600                                                                                         
        20 ANALYST         6000                                                                                         
        30 MANAGER         2850                                                                                         
        10 MANAGER         2450                                                                                         
        30 CLERK            950                                                                                         
        20 CLERK           1900                                                                                         

9 rows selected.

SQL> select deptno,job,sum(sal) from emp group by deptno,job ;

    DEPTNO JOB         SUM(SAL)                                                                                         
---------- --------- ----------                                                                                         
        20 MANAGER         2975                                                                                         
        30 SALESMAN        5600                                                                                         
        30 CLERK            950                                                                                         
        20 CLERK           1900                                                                                         
        10 PRESIDENT       5000                                                                                         
        30 MANAGER         2850                                                                                         
        10 CLERK           1300                                                                                         
        10 MANAGER         2450                                                                                         
        20 ANALYST         6000                                                                                         

9 rows selected.

SQL> select deptno,job,sum(sal) from emp group by deptno,job  order by deptno;

    DEPTNO JOB         SUM(SAL)                                                                                         
---------- --------- ----------                                                                                         
        10 CLERK           1300                                                                                         
        10 MANAGER         2450                                                                                         
        10 PRESIDENT       5000                                                                                         
        20 ANALYST         6000                                                                                         
        20 CLERK           1900                                                                                         
        20 MANAGER         2975                                                                                         
        30 CLERK            950                                                                                         
        30 MANAGER         2850                                                                                         
        30 SALESMAN        5600                                                                                         

9 rows selected.

SQL> select deptno,job,sum(sal) from emp group by job,deptno  order by deptno;

    DEPTNO JOB         SUM(SAL)                                                                                         
---------- --------- ----------                                                                                         
        10 CLERK           1300                                                                                         
        10 MANAGER         2450                                                                                         
        10 PRESIDENT       5000                                                                                         
        20 ANALYST         6000                                                                                         
        20 CLERK           1900                                                                                         
        20 MANAGER         2975                                                                                         
        30 CLERK            950                                                                                         
        30 MANAGER         2850                                                                                         
        30 SALESMAN        5600                                                                                         

9 rows selected.

SQL> select deptno,job from emp group by job,deptno  order by deptno;

    DEPTNO JOB                                                                                                          
---------- ---------                                                                                                    
        10 CLERK                                                                                                        
        10 MANAGER                                                                                                      
        10 PRESIDENT                                                                                                    
        20 ANALYST                                                                                                      
        20 CLERK                                                                                                        
        20 MANAGER                                                                                                      
        30 CLERK                                                                                                        
        30 MANAGER                                                                                                      
        30 SALESMAN                                                                                                     

9 rows selected.

SQL> select deptno,job,count(job) from emp group by job,deptno  order by deptno;

    DEPTNO JOB       COUNT(JOB)                                                                                         
---------- --------- ----------                                                                                         
        10 CLERK              1                                                                                         
        10 MANAGER            1                                                                                         
        10 PRESIDENT          1                                                                                         
        20 ANALYST            2                                                                                         
        20 CLERK              2                                                                                         
        20 MANAGER            1                                                                                         
        30 CLERK              1                                                                                         
        30 MANAGER            1                                                                                         
        30 SALESMAN           4                                                                                         

9 rows selected.

SQL> select deptno,job,count(job),sum(sal) from emp group by job,deptno  order by deptno;

    DEPTNO JOB       COUNT(JOB)   SUM(SAL)                                                                              
---------- --------- ---------- ----------                                                                              
        10 CLERK              1       1300                                                                              
        10 MANAGER            1       2450                                                                              
        10 PRESIDENT          1       5000                                                                              
        20 ANALYST            2       6000                                                                              
        20 CLERK              2       1900                                                                              
        20 MANAGER            1       2975                                                                              
        30 CLERK              1        950                                                                              
        30 MANAGER            1       2850                                                                              
        30 SALESMAN           4       5600                                                                              

9 rows selected.

SQL> select deptno,job,count(job),sum(sal) from emp group by job  order by deptno;
select deptno,job,count(job),sum(sal) from emp group by job  order by deptno
       *
ERROR at line 1:
ORA-00979: not a GROUP BY expression 


SQL> select job,count(job),sum(sal) from emp group by job  order by deptno;
select job,count(job),sum(sal) from emp group by job  order by deptno
                                                               *
ERROR at line 1:
ORA-00979: not a GROUP BY expression 


SQL> 
SQL> select job,count(job),sum(sal) from emp group by job  order by job;

JOB       COUNT(JOB)   SUM(SAL)                                                                                         
--------- ---------- ----------                                                                                         
ANALYST            2       6000                                                                                         
CLERK              4       4150                                                                                         
MANAGER            3       8275                                                                                         
PRESIDENT          1       5000                                                                                         
SALESMAN           4       5600                                                                                         

SQL> exit
